Component: Arm Compiler for Embedded 6.24 Tool: armlink [5f371500]

==============================================================================

Section Cross References

    startup_stm32g070xx.o(STACK) refers (Special) to heapauxi.o(.text) for __use_two_region_memory
    startup_stm32g070xx.o(HEAP) refers (Special) to heapauxi.o(.text) for __use_two_region_memory
    startup_stm32g070xx.o(RESET) refers (Special) to heapauxi.o(.text) for __use_two_region_memory
    startup_stm32g070xx.o(RESET) refers to startup_stm32g070xx.o(STACK) for __initial_sp
    startup_stm32g070xx.o(RESET) refers to startup_stm32g070xx.o(.text) for Reset_Handler
    startup_stm32g070xx.o(RESET) refers to stm32g0xx_it.o(.text.NMI_Handler) for NMI_Handler
    startup_stm32g070xx.o(RESET) refers to stm32g0xx_it.o(.text.HardFault_Handler) for HardFault_Handler
    startup_stm32g070xx.o(RESET) refers to stm32g0xx_it.o(.text.SVC_Handler) for SVC_Handler
    startup_stm32g070xx.o(RESET) refers to stm32g0xx_it.o(.text.PendSV_Handler) for PendSV_Handler
    startup_stm32g070xx.o(RESET) refers to main.o(.text.SysTick_Handler) for SysTick_Handler
    startup_stm32g070xx.o(.text) refers (Special) to heapauxi.o(.text) for __use_two_region_memory
    startup_stm32g070xx.o(.text) refers to system_stm32g0xx.o(.text.SystemInit) for SystemInit
    startup_stm32g070xx.o(.text) refers to __main.o(!!!main) for __main
    startup_stm32g070xx.o(.text) refers to startup_stm32g070xx.o(HEAP) for Heap_Mem
    startup_stm32g070xx.o(.text) refers to startup_stm32g070xx.o(STACK) for Stack_Mem
    seven-segment.o(.ARM.exidx.text.seven_segment_init) refers to seven-segment.o(.text.seven_segment_init) for [Anonymous Symbol]
    seven-segment.o(.text.seven_segment_process) refers to seven-segment.o(.bss.m_data) for m_data
    seven-segment.o(.text.seven_segment_process) refers to seven-segment.o(.bss.m_display_data) for m_display_data
    seven-segment.o(.ARM.exidx.text.seven_segment_process) refers to seven-segment.o(.text.seven_segment_process) for [Anonymous Symbol]
    seven-segment.o(.text.seven_segment_display) refers to aeabi_sdiv.o(.text) for __aeabi_uidivmod
    seven-segment.o(.text.seven_segment_display) refers to seven-segment.o(.bss.m_display_data) for m_display_data
    seven-segment.o(.ARM.exidx.text.seven_segment_display) refers to seven-segment.o(.text.seven_segment_display) for [Anonymous Symbol]
    hc595.o(.ARM.exidx.text.hc595_init) refers to hc595.o(.text.hc595_init) for [Anonymous Symbol]
    hc595.o(.text.hc595_process) refers to hc595.o(.text.hc595_tx_data) for hc595_tx_data
    hc595.o(.text.hc595_process) refers to hc595.o(.bss.m_final_data) for m_final_data
    hc595.o(.ARM.exidx.text.hc595_process) refers to hc595.o(.text.hc595_process) for [Anonymous Symbol]
    hc595.o(.text.hc595_tx_data) refers to seven-segment.o(.text.seven_segment_process) for seven_segment_process
    hc595.o(.text.hc595_tx_data) refers to seven-segment.o(.bss.m_data) for m_data
    hc595.o(.text.hc595_tx_data) refers to seven-segment.o(.rodata.m_segment_char) for m_segment_char
    hc595.o(.text.hc595_tx_data) refers to hc595.o(.bss.m_final_data) for m_final_data
    hc595.o(.ARM.exidx.text.hc595_tx_data) refers to hc595.o(.text.hc595_tx_data) for [Anonymous Symbol]
    gpio.o(.ARM.exidx.text.gpio_init) refers to gpio.o(.text.gpio_init) for [Anonymous Symbol]
    adc.o(.ARM.exidx.text.adc_init) refers to adc.o(.text.adc_init) for [Anonymous Symbol]
    adc.o(.ARM.exidx.text.adc_read) refers to adc.o(.text.adc_read) for [Anonymous Symbol]
    adc.o(.text.adc_volt) refers to adc.o(.text.adc_read) for adc_read
    adc.o(.text.adc_volt) refers to fflti.o(.text) for __aeabi_i2f
    adc.o(.text.adc_volt) refers to fmul.o(x$fpl$fmul) for __aeabi_fmul
    adc.o(.text.adc_volt) refers to fdiv.o(.text) for __aeabi_fdiv
    adc.o(.ARM.exidx.text.adc_volt) refers to adc.o(.text.adc_volt) for [Anonymous Symbol]
    adc.o(.text.float_to_int) refers to adc.o(.text.adc_volt) for adc_volt
    adc.o(.text.float_to_int) refers to fmul.o(x$fpl$fmul) for __aeabi_fmul
    adc.o(.text.float_to_int) refers to ffixi.o(.text) for __aeabi_f2iz
    adc.o(.ARM.exidx.text.float_to_int) refers to adc.o(.text.float_to_int) for [Anonymous Symbol]
    main.o(.text.main) refers to main.o(.text.SysTick_Config) for SysTick_Config
    main.o(.text.main) refers to adc.o(.text.adc_init) for adc_init
    main.o(.text.main) refers to main.o(.text.MX_USART2_UART_Init) for MX_USART2_UART_Init
    main.o(.text.main) refers to gpio.o(.text.gpio_init) for gpio_init
    main.o(.text.main) refers to adc.o(.text.float_to_int) for float_to_int
    main.o(.text.main) refers to seven-segment.o(.text.seven_segment_display) for seven_segment_display
    main.o(.text.main) refers to hc595.o(.text.hc595_process) for hc595_process
    main.o(.text.main) refers to main.o(.bss.systick_clock) for systick_clock
[...]
    Removing stm32g0xx_hal_flash.o(.ARM.exidx.text.HAL_FLASH_OperationErrorCallback), (8 bytes).
    Removing stm32g0xx_hal_flash.o(.text.HAL_FLASH_EndOfOperationCallback), (8 bytes).
    Removing stm32g0xx_hal_flash.o(.ARM.exidx.text.HAL_FLASH_EndOfOperationCallback), (8 bytes).
    Removing stm32g0xx_hal_flash.o(.text.HAL_FLASH_Unlock), (76 bytes).
    Removing stm32g0xx_hal_flash.o(.ARM.exidx.text.HAL_FLASH_Unlock), (8 bytes).
    Removing stm32g0xx_hal_flash.o(.text.HAL_FLASH_Lock), (64 bytes).
    Removing stm32g0xx_hal_flash.o(.ARM.exidx.text.HAL_FLASH_Lock), (8 bytes).
    Removing stm32g0xx_hal_flash.o(.text.HAL_FLASH_OB_Unlock), (76 bytes).
    Removing stm32g0xx_hal_flash.o(.ARM.exidx.text.HAL_FLASH_OB_Unlock), (8 bytes).
    Removing stm32g0xx_hal_flash.o(.text.HAL_FLASH_OB_Lock), (64 bytes).
    Removing stm32g0xx_hal_flash.o(.ARM.exidx.text.HAL_FLASH_OB_Lock), (8 bytes).
    Removing stm32g0xx_hal_flash.o(.text.HAL_FLASH_OB_Launch), (20 bytes).
    Removing stm32g0xx_hal_flash.o(.ARM.exidx.text.HAL_FLASH_OB_Launch), (8 bytes).
    Removing stm32g0xx_hal_flash.o(.text.HAL_FLASH_GetError), (12 bytes).
    Removing stm32g0xx_hal_flash.o(.ARM.exidx.text.HAL_FLASH_GetError), (8 bytes).
    Removing stm32g0xx_hal_flash.o(.bss.pFlash), (28 bytes).
    Removing stm32g0xx_hal_flash_ex.o(.text), (0 bytes).
    Removing stm32g0xx_hal_flash_ex.o(.text.HAL_FLASHEx_Erase), (236 bytes).
    Removing stm32g0xx_hal_flash_ex.o(.ARM.exidx.text.HAL_FLASHEx_Erase), (8 bytes).
    Removing stm32g0xx_hal_flash_ex.o(.text.FLASH_MassErase), (28 bytes).
    Removing stm32g0xx_hal_flash_ex.o(.ARM.exidx.text.FLASH_MassErase), (8 bytes).
    Removing stm32g0xx_hal_flash_ex.o(.text.FLASH_PageErase), (48 bytes).
    Removing stm32g0xx_hal_flash_ex.o(.ARM.exidx.text.FLASH_PageErase), (8 bytes).
    Removing stm32g0xx_hal_flash_ex.o(.text.HAL_FLASHEx_Erase_IT), (188 bytes).
    Removing stm32g0xx_hal_flash_ex.o(.ARM.exidx.text.HAL_FLASHEx_Erase_IT), (8 bytes).
    Removing stm32g0xx_hal_flash_ex.o(.text.HAL_FLASHEx_OBProgram), (264 bytes).
    Removing stm32g0xx_hal_flash_ex.o(.ARM.exidx.text.HAL_FLASHEx_OBProgram), (8 bytes).
    Removing stm32g0xx_hal_flash_ex.o(.text.FLASH_OB_WRPConfig), (56 bytes).
    Removing stm32g0xx_hal_flash_ex.o(.ARM.exidx.text.FLASH_OB_WRPConfig), (8 bytes).
    Removing stm32g0xx_hal_flash_ex.o(.text.FLASH_OB_OptrConfig), (48 bytes).
    Removing stm32g0xx_hal_flash_ex.o(.ARM.exidx.text.FLASH_OB_OptrConfig), (8 bytes).
    Removing stm32g0xx_hal_flash_ex.o(.text.FLASH_OB_GetUser), (28 bytes).
    Removing stm32g0xx_hal_flash_ex.o(.ARM.exidx.text.FLASH_OB_GetUser), (8 bytes).
    Removing stm32g0xx_hal_flash_ex.o(.text.FLASH_OB_GetRDP), (48 bytes).
    Removing stm32g0xx_hal_flash_ex.o(.ARM.exidx.text.FLASH_OB_GetRDP), (8 bytes).
    Removing stm32g0xx_hal_flash_ex.o(.text.HAL_FLASHEx_OBGetConfig), (56 bytes).
    Removing stm32g0xx_hal_flash_ex.o(.ARM.exidx.text.HAL_FLASHEx_OBGetConfig), (8 bytes).
    Removing stm32g0xx_hal_flash_ex.o(.text.FLASH_OB_GetWRP), (80 bytes).
    Removing stm32g0xx_hal_flash_ex.o(.ARM.exidx.text.FLASH_OB_GetWRP), (8 bytes).
    Removing stm32g0xx_hal_flash_ex.o(.text.HAL_FLASHEx_FlashEmptyCheck), (16 bytes).
    Removing stm32g0xx_hal_flash_ex.o(.ARM.exidx.text.HAL_FLASHEx_FlashEmptyCheck), (8 bytes).
    Removing stm32g0xx_hal_flash_ex.o(.text.HAL_FLASHEx_ForceFlashEmpty), (32 bytes).
    Removing stm32g0xx_hal_flash_ex.o(.ARM.exidx.text.HAL_FLASHEx_ForceFlashEmpty), (8 bytes).
    Removing stm32g0xx_hal_flash_ex.o(.text.FLASH_FlushCaches), (68 bytes).
    Removing stm32g0xx_hal_flash_ex.o(.ARM.exidx.text.FLASH_FlushCaches), (8 bytes).
    Removing stm32g0xx_hal_gpio.o(.text), (0 bytes).
    Removing stm32g0xx_hal_gpio.o(.ARM.exidx.text.HAL_GPIO_Init), (8 bytes).
    Removing stm32g0xx_hal_gpio.o(.text.HAL_GPIO_DeInit), (384 bytes).
    Removing stm32g0xx_hal_gpio.o(.ARM.exidx.text.HAL_GPIO_DeInit), (8 bytes).
    Removing stm32g0xx_hal_gpio.o(.text.HAL_GPIO_ReadPin), (50 bytes).
    Removing stm32g0xx_hal_gpio.o(.ARM.exidx.text.HAL_GPIO_ReadPin), (8 bytes).
    Removing stm32g0xx_hal_gpio.o(.text.HAL_GPIO_WritePin), (44 bytes).
    Removing stm32g0xx_hal_gpio.o(.ARM.exidx.text.HAL_GPIO_WritePin), (8 bytes).
    Removing stm32g0xx_hal_gpio.o(.text.HAL_GPIO_TogglePin), (36 bytes).
    Removing stm32g0xx_hal_gpio.o(.ARM.exidx.text.HAL_GPIO_TogglePin), (8 bytes).
    Removing stm32g0xx_hal_gpio.o(.text.HAL_GPIO_LockPin), (82 bytes).
    Removing stm32g0xx_hal_gpio.o(.ARM.exidx.text.HAL_GPIO_LockPin), (8 bytes).
    Removing stm32g0xx_hal_gpio.o(.text.HAL_GPIO_EXTI_IRQHandler), (80 bytes).
    Removing stm32g0xx_hal_gpio.o(.ARM.exidx.text.HAL_GPIO_EXTI_IRQHandler), (8 bytes).
    Removing stm32g0xx_hal_gpio.o(.text.HAL_GPIO_EXTI_Rising_Callback), (10 bytes).
    Removing stm32g0xx_hal_gpio.o(.ARM.exidx.text.HAL_GPIO_EXTI_Rising_Callback), (8 bytes).
    Removing stm32g0xx_hal_gpio.o(.text.HAL_GPIO_EXTI_Falling_Callback), (10 bytes).
    Removing stm32g0xx_hal_gpio.o(.ARM.exidx.text.HAL_GPIO_EXTI_Falling_Callback), (8 bytes).
    Removing stm32g0xx_hal_dma.o(.text), (0 bytes).
    Removing stm32g0xx_hal_dma.o(.text.HAL_DMA_Init), (260 bytes).
    Removing stm32g0xx_hal_dma.o(.ARM.exidx.text.HAL_DMA_Init), (8 bytes).
    Removing stm32g0xx_hal_dma.o(.text.DMA_CalcDMAMUXChannelBaseAndMask), (68 bytes).
    Removing stm32g0xx_hal_dma.o(.ARM.exidx.text.DMA_CalcDMAMUXChannelBaseAndMask), (8 bytes).
    Removing stm32g0xx_hal_dma.o(.text.DMA_CalcDMAMUXRequestGenBaseAndMask), (60 bytes).
    Removing stm32g0xx_hal_dma.o(.ARM.exidx.text.DMA_CalcDMAMUXRequestGenBaseAndMask), (8 bytes).
    Removing stm32g0xx_hal_dma.o(.text.HAL_DMA_DeInit), (232 bytes).
    Removing stm32g0xx_hal_dma.o(.ARM.exidx.text.HAL_DMA_DeInit), (8 bytes).
    Removing stm32g0xx_hal_dma.o(.text.HAL_DMA_Start), (160 bytes).
    Removing stm32g0xx_hal_dma.o(.ARM.exidx.text.HAL_DMA_Start), (8 bytes).
    Removing stm32g0xx_hal_dma.o(.text.DMA_SetConfig), (120 bytes).
    Removing stm32g0xx_hal_dma.o(.ARM.exidx.text.DMA_SetConfig), (8 bytes).
    Removing stm32g0xx_hal_dma.o(.text.HAL_DMA_Start_IT), (264 bytes).
    Removing stm32g0xx_hal_dma.o(.ARM.exidx.text.HAL_DMA_Start_IT), (8 bytes).
    Removing stm32g0xx_hal_dma.o(.text.HAL_DMA_Abort), (196 bytes).
    Removing stm32g0xx_hal_dma.o(.ARM.exidx.text.HAL_DMA_Abort), (8 bytes).
    Removing stm32g0xx_hal_dma.o(.text.HAL_DMA_Abort_IT), (188 bytes).
    Removing stm32g0xx_hal_dma.o(.ARM.exidx.text.HAL_DMA_Abort_IT), (8 bytes).
    Removing stm32g0xx_hal_dma.o(.text.HAL_DMA_PollForTransfer), (484 bytes).
    Removing stm32g0xx_hal_dma.o(.ARM.exidx.text.HAL_DMA_PollForTransfer), (8 bytes).
    Removing stm32g0xx_hal_dma.o(.text.HAL_DMA_IRQHandler), (368 bytes).
    Removing stm32g0xx_hal_dma.o(.ARM.exidx.text.HAL_DMA_IRQHandler), (8 bytes).
    Removing stm32g0xx_hal_dma.o(.text.HAL_DMA_RegisterCallback), (178 bytes).
    Removing stm32g0xx_hal_dma.o(.ARM.exidx.text.HAL_DMA_RegisterCallback), (8 bytes).
    Removing stm32g0xx_hal_dma.o(.text.HAL_DMA_UnRegisterCallback), (198 bytes).
    Removing stm32g0xx_hal_dma.o(.ARM.exidx.text.HAL_DMA_UnRegisterCallback), (8 bytes).
    Removing stm32g0xx_hal_dma.o(.text.HAL_DMA_GetState), (14 bytes).
    Removing stm32g0xx_hal_dma.o(.ARM.exidx.text.HAL_DMA_GetState), (8 bytes).
    Removing stm32g0xx_hal_dma.o(.text.HAL_DMA_GetError), (12 bytes).
    Removing stm32g0xx_hal_dma.o(.ARM.exidx.text.HAL_DMA_GetError), (8 bytes).
    Removing stm32g0xx_hal_dma_ex.o(.text), (0 bytes).
    Removing stm32g0xx_hal_dma_ex.o(.text.HAL_DMAEx_ConfigMuxSync), (148 bytes).
    Removing stm32g0xx_hal_dma_ex.o(.ARM.exidx.text.HAL_DMAEx_ConfigMuxSync), (8 bytes).
    Removing stm32g0xx_hal_dma_ex.o(.text.HAL_DMAEx_ConfigMuxRequestGenerator), (180 bytes).
    Removing stm32g0xx_hal_dma_ex.o(.ARM.exidx.text.HAL_DMAEx_ConfigMuxRequestGenerator), (8 bytes).
    Removing stm32g0xx_hal_dma_ex.o(.text.HAL_DMAEx_EnableMuxRequestGenerator), (64 bytes).
    Removing stm32g0xx_hal_dma_ex.o(.ARM.exidx.text.HAL_DMAEx_EnableMuxRequestGenerator), (8 bytes).
    Removing stm32g0xx_hal_dma_ex.o(.text.HAL_DMAEx_DisableMuxRequestGenerator), (64 bytes).
    Removing stm32g0xx_hal_dma_ex.o(.ARM.exidx.text.HAL_DMAEx_DisableMuxRequestGenerator), (8 bytes).
    Removing stm32g0xx_hal_dma_ex.o(.text.HAL_DMAEx_MUX_IRQHandler), (158 bytes).
    Removing stm32g0xx_hal_dma_ex.o(.ARM.exidx.text.HAL_DMAEx_MUX_IRQHandler), (8 bytes).
    Removing stm32g0xx_hal_pwr.o(.text), (0 bytes).
    Removing stm32g0xx_hal_pwr.o(.text.HAL_PWR_DeInit), (24 bytes).
    Removing stm32g0xx_hal_pwr.o(.ARM.exidx.text.HAL_PWR_DeInit), (8 bytes).
    Removing stm32g0xx_hal_pwr.o(.text.HAL_PWR_EnableBkUpAccess), (20 bytes).
    Removing stm32g0xx_hal_pwr.o(.ARM.exidx.text.HAL_PWR_EnableBkUpAccess), (8 bytes).
    Removing stm32g0xx_hal_pwr.o(.text.HAL_PWR_DisableBkUpAccess), (20 bytes).
    Removing stm32g0xx_hal_pwr.o(.ARM.exidx.text.HAL_PWR_DisableBkUpAccess), (8 bytes).
    Removing stm32g0xx_hal_pwr.o(.text.HAL_PWR_EnableWakeUpPin), (52 bytes).
    Removing stm32g0xx_hal_pwr.o(.ARM.exidx.text.HAL_PWR_EnableWakeUpPin), (8 bytes).
    Removing stm32g0xx_hal_pwr.o(.text.HAL_PWR_DisableWakeUpPin), (32 bytes).
    Removing stm32g0xx_hal_pwr.o(.ARM.exidx.text.HAL_PWR_DisableWakeUpPin), (8 bytes).
    Removing stm32g0xx_hal_pwr.o(.text.HAL_PWR_EnterSLEEPMode), (112 bytes).
    Removing stm32g0xx_hal_pwr.o(.ARM.exidx.text.HAL_PWR_EnterSLEEPMode), (8 bytes).
    Removing stm32g0xx_hal_pwr.o(.text.HAL_PWR_EnterSTOPMode), (100 bytes).
    Removing stm32g0xx_hal_pwr.o(.ARM.exidx.text.HAL_PWR_EnterSTOPMode), (8 bytes).
    Removing stm32g0xx_hal_pwr.o(.text.HAL_PWR_EnterSTANDBYMode), (36 bytes).
    Removing stm32g0xx_hal_pwr.o(.ARM.exidx.text.HAL_PWR_EnterSTANDBYMode), (8 bytes).
    Removing stm32g0xx_hal_pwr.o(.text.HAL_PWR_EnableSleepOnExit), (16 bytes).
    Removing stm32g0xx_hal_pwr.o(.ARM.exidx.text.HAL_PWR_EnableSleepOnExit), (8 bytes).
    Removing stm32g0xx_hal_pwr.o(.text.HAL_PWR_DisableSleepOnExit), (16 bytes).
    Removing stm32g0xx_hal_pwr.o(.ARM.exidx.text.HAL_PWR_DisableSleepOnExit), (8 bytes).
    Removing stm32g0xx_hal_pwr.o(.text.HAL_PWR_EnableSEVOnPend), (16 bytes).
    Removing stm32g0xx_hal_pwr.o(.ARM.exidx.text.HAL_PWR_EnableSEVOnPend), (8 bytes).
    Removing stm32g0xx_hal_pwr.o(.text.HAL_PWR_DisableSEVOnPend), (16 bytes).
    Removing stm32g0xx_hal_pwr.o(.ARM.exidx.text.HAL_PWR_DisableSEVOnPend), (8 bytes).
    Removing stm32g0xx_hal_pwr_ex.o(.text), (0 bytes).
    Removing stm32g0xx_hal_pwr_ex.o(.text.HAL_PWREx_EnableBatteryCharging), (36 bytes).
    Removing stm32g0xx_hal_pwr_ex.o(.ARM.exidx.text.HAL_PWREx_EnableBatteryCharging), (8 bytes).
    Removing stm32g0xx_hal_pwr_ex.o(.text.HAL_PWREx_DisableBatteryCharging), (20 bytes).
    Removing stm32g0xx_hal_pwr_ex.o(.ARM.exidx.text.HAL_PWREx_DisableBatteryCharging), (8 bytes).
    Removing stm32g0xx_hal_pwr_ex.o(.text.HAL_PWREx_EnableInternalWakeUpLine), (20 bytes).
    Removing stm32g0xx_hal_pwr_ex.o(.ARM.exidx.text.HAL_PWREx_EnableInternalWakeUpLine), (8 bytes).
    Removing stm32g0xx_hal_pwr_ex.o(.text.HAL_PWREx_DisableInternalWakeUpLine), (20 bytes).
    Removing stm32g0xx_hal_pwr_ex.o(.ARM.exidx.text.HAL_PWREx_DisableInternalWakeUpLine), (8 bytes).
    Removing stm32g0xx_hal_pwr_ex.o(.text.HAL_PWREx_EnableGPIOPullUp), (236 bytes).
    Removing stm32g0xx_hal_pwr_ex.o(.ARM.exidx.text.HAL_PWREx_EnableGPIOPullUp), (8 bytes).
    Removing stm32g0xx_hal_pwr_ex.o(.text.HAL_PWREx_DisableGPIOPullUp), (160 bytes).
    Removing stm32g0xx_hal_pwr_ex.o(.ARM.exidx.text.HAL_PWREx_DisableGPIOPullUp), (8 bytes).
    Removing stm32g0xx_hal_pwr_ex.o(.text.HAL_PWREx_EnableGPIOPullDown), (236 bytes).
    Removing stm32g0xx_hal_pwr_ex.o(.ARM.exidx.text.HAL_PWREx_EnableGPIOPullDown), (8 bytes).
    Removing stm32g0xx_hal_pwr_ex.o(.text.HAL_PWREx_DisableGPIOPullDown), (160 bytes).
    Removing stm32g0xx_hal_pwr_ex.o(.ARM.exidx.text.HAL_PWREx_DisableGPIOPullDown), (8 bytes).
    Removing stm32g0xx_hal_pwr_ex.o(.text.HAL_PWREx_EnablePullUpPullDownConfig), (20 bytes).
    Removing stm32g0xx_hal_pwr_ex.o(.ARM.exidx.text.HAL_PWREx_EnablePullUpPullDownConfig), (8 bytes).
    Removing stm32g0xx_hal_pwr_ex.o(.text.HAL_PWREx_DisablePullUpPullDownConfig), (20 bytes).
    Removing stm32g0xx_hal_pwr_ex.o(.ARM.exidx.text.HAL_PWREx_DisablePullUpPullDownConfig), (8 bytes).
    Removing stm32g0xx_hal_pwr_ex.o(.text.HAL_PWREx_EnableFlashPowerDown), (24 bytes).
    Removing stm32g0xx_hal_pwr_ex.o(.ARM.exidx.text.HAL_PWREx_EnableFlashPowerDown), (8 bytes).
    Removing stm32g0xx_hal_pwr_ex.o(.text.HAL_PWREx_DisableFlashPowerDown), (24 bytes).
    Removing stm32g0xx_hal_pwr_ex.o(.ARM.exidx.text.HAL_PWREx_DisableFlashPowerDown), (8 bytes).
    Removing stm32g0xx_hal_pwr_ex.o(.text.HAL_PWREx_GetVoltageRange), (16 bytes).
    Removing stm32g0xx_hal_pwr_ex.o(.ARM.exidx.text.HAL_PWREx_GetVoltageRange), (8 bytes).
    Removing stm32g0xx_hal_pwr_ex.o(.text.HAL_PWREx_ControlVoltageScaling), (128 bytes).
    Removing stm32g0xx_hal_pwr_ex.o(.ARM.exidx.text.HAL_PWREx_ControlVoltageScaling), (8 bytes).
    Removing stm32g0xx_hal_pwr_ex.o(.text.HAL_PWREx_EnableLowPowerRunMode), (20 bytes).
    Removing stm32g0xx_hal_pwr_ex.o(.ARM.exidx.text.HAL_PWREx_EnableLowPowerRunMode), (8 bytes).
    Removing stm32g0xx_hal_pwr_ex.o(.text.HAL_PWREx_DisableLowPowerRunMode), (108 bytes).
    Removing stm32g0xx_hal_pwr_ex.o(.ARM.exidx.text.HAL_PWREx_DisableLowPowerRunMode), (8 bytes).
    Removing stm32g0xx_hal_cortex.o(.text), (0 bytes).
    Removing stm32g0xx_hal_cortex.o(.text.HAL_NVIC_SetPriority), (28 bytes).
    Removing stm32g0xx_hal_cortex.o(.ARM.exidx.text.HAL_NVIC_SetPriority), (8 bytes).
    Removing stm32g0xx_hal_cortex.o(.text.__NVIC_SetPriority), (132 bytes).
    Removing stm32g0xx_hal_cortex.o(.ARM.exidx.text.__NVIC_SetPriority), (8 bytes).
    Removing stm32g0xx_hal_cortex.o(.text.HAL_NVIC_EnableIRQ), (22 bytes).
    Removing stm32g0xx_hal_cortex.o(.ARM.exidx.text.HAL_NVIC_EnableIRQ), (8 bytes).
    Removing stm32g0xx_hal_cortex.o(.text.__NVIC_EnableIRQ), (44 bytes).
    Removing stm32g0xx_hal_cortex.o(.ARM.exidx.text.__NVIC_EnableIRQ), (8 bytes).
    Removing stm32g0xx_hal_cortex.o(.text.HAL_NVIC_DisableIRQ), (22 bytes).
    Removing stm32g0xx_hal_cortex.o(.ARM.exidx.text.HAL_NVIC_DisableIRQ), (8 bytes).
    Removing stm32g0xx_hal_cortex.o(.text.__NVIC_DisableIRQ), (52 bytes).
    Removing stm32g0xx_hal_cortex.o(.ARM.exidx.text.__NVIC_DisableIRQ), (8 bytes).
    Removing stm32g0xx_hal_cortex.o(.text.HAL_NVIC_SystemReset), (4 bytes).
    Removing stm32g0xx_hal_cortex.o(.ARM.exidx.text.HAL_NVIC_SystemReset), (8 bytes).
    Removing stm32g0xx_hal_cortex.o(.text.__NVIC_SystemReset), (28 bytes).
    Removing stm32g0xx_hal_cortex.o(.ARM.exidx.text.__NVIC_SystemReset), (8 bytes).
    Removing stm32g0xx_hal_cortex.o(.text.HAL_SYSTICK_Config), (16 bytes).
    Removing stm32g0xx_hal_cortex.o(.ARM.exidx.text.HAL_SYSTICK_Config), (8 bytes).
    Removing stm32g0xx_hal_cortex.o(.text.SysTick_Config), (80 bytes).
    Removing stm32g0xx_hal_cortex.o(.ARM.exidx.text.SysTick_Config), (8 bytes).
    Removing stm32g0xx_hal_cortex.o(.text.HAL_NVIC_GetPriority), (22 bytes).
    Removing stm32g0xx_hal_cortex.o(.ARM.exidx.text.HAL_NVIC_GetPriority), (8 bytes).
    Removing stm32g0xx_hal_cortex.o(.text.__NVIC_GetPriority), (96 bytes).
    Removing stm32g0xx_hal_cortex.o(.ARM.exidx.text.__NVIC_GetPriority), (8 bytes).
    Removing stm32g0xx_hal_cortex.o(.text.HAL_NVIC_SetPendingIRQ), (22 bytes).
    Removing stm32g0xx_hal_cortex.o(.ARM.exidx.text.HAL_NVIC_SetPendingIRQ), (8 bytes).
    Removing stm32g0xx_hal_cortex.o(.text.__NVIC_SetPendingIRQ), (44 bytes).
    Removing stm32g0xx_hal_cortex.o(.ARM.exidx.text.__NVIC_SetPendingIRQ), (8 bytes).
    Removing stm32g0xx_hal_cortex.o(.text.HAL_NVIC_GetPendingIRQ), (22 bytes).
    Removing stm32g0xx_hal_cortex.o(.ARM.exidx.text.HAL_NVIC_GetPendingIRQ), (8 bytes).
    Removing stm32g0xx_hal_cortex.o(.text.__NVIC_GetPendingIRQ), (56 bytes).
    Removing stm32g0xx_hal_cortex.o(.ARM.exidx.text.__NVIC_GetPendingIRQ), (8 bytes).
    Removing stm32g0xx_hal_cortex.o(.text.HAL_NVIC_ClearPendingIRQ), (22 bytes).
    Removing stm32g0xx_hal_cortex.o(.ARM.exidx.text.HAL_NVIC_ClearPendingIRQ), (8 bytes).
    Removing stm32g0xx_hal_cortex.o(.text.__NVIC_ClearPendingIRQ), (44 bytes).
    Removing stm32g0xx_hal_cortex.o(.ARM.exidx.text.__NVIC_ClearPendingIRQ), (8 bytes).
    Removing stm32g0xx_hal_cortex.o(.text.HAL_SYSTICK_CLKSourceConfig), (44 bytes).
    Removing stm32g0xx_hal_cortex.o(.ARM.exidx.text.HAL_SYSTICK_CLKSourceConfig), (8 bytes).
    Removing stm32g0xx_hal_cortex.o(.text.HAL_SYSTICK_IRQHandler), (8 bytes).
    Removing stm32g0xx_hal_cortex.o(.ARM.exidx.text.HAL_SYSTICK_IRQHandler), (8 bytes).
    Removing stm32g0xx_hal_cortex.o(.text.HAL_SYSTICK_Callback), (2 bytes).
    Removing stm32g0xx_hal_cortex.o(.ARM.exidx.text.HAL_SYSTICK_Callback), (8 bytes).
    Removing stm32g0xx_hal_cortex.o(.text.HAL_MPU_Enable), (32 bytes).
    Removing stm32g0xx_hal_cortex.o(.ARM.exidx.text.HAL_MPU_Enable), (8 bytes).
    Removing stm32g0xx_hal_cortex.o(.text.HAL_MPU_Disable), (16 bytes).
    Removing stm32g0xx_hal_cortex.o(.ARM.exidx.text.HAL_MPU_Disable), (8 bytes).
    Removing stm32g0xx_hal_cortex.o(.text.HAL_MPU_EnableRegion), (32 bytes).
    Removing stm32g0xx_hal_cortex.o(.ARM.exidx.text.HAL_MPU_EnableRegion), (8 bytes).
    Removing stm32g0xx_hal_cortex.o(.text.HAL_MPU_DisableRegion), (32 bytes).
    Removing stm32g0xx_hal_cortex.o(.ARM.exidx.text.HAL_MPU_DisableRegion), (8 bytes).
    Removing stm32g0xx_hal_cortex.o(.text.HAL_MPU_ConfigRegion), (100 bytes).
    Removing stm32g0xx_hal_cortex.o(.ARM.exidx.text.HAL_MPU_ConfigRegion), (8 bytes).
    Removing stm32g0xx_hal.o(.text), (0 bytes).
    Removing stm32g0xx_hal.o(.text.HAL_Init), (60 bytes).
    Removing stm32g0xx_hal.o(.ARM.exidx.text.HAL_Init), (8 bytes).
    Removing stm32g0xx_hal.o(.text.HAL_InitTick), (132 bytes).
    Removing stm32g0xx_hal.o(.ARM.exidx.text.HAL_InitTick), (8 bytes).
    Removing stm32g0xx_hal.o(.text.HAL_MspInit), (2 bytes).
    Removing stm32g0xx_hal.o(.ARM.exidx.text.HAL_MspInit), (8 bytes).
    Removing stm32g0xx_hal.o(.text.HAL_DeInit), (60 bytes).
    Removing stm32g0xx_hal.o(.ARM.exidx.text.HAL_DeInit), (8 bytes).
    Removing stm32g0xx_hal.o(.text.HAL_MspDeInit), (2 bytes).
    Removing stm32g0xx_hal.o(.ARM.exidx.text.HAL_MspDeInit), (8 bytes).
    Removing stm32g0xx_hal.o(.text.HAL_IncTick), (24 bytes).
    Removing stm32g0xx_hal.o(.ARM.exidx.text.HAL_IncTick), (8 bytes).
    Removing stm32g0xx_hal.o(.ARM.exidx.text.HAL_GetTick), (8 bytes).
    Removing stm32g0xx_hal.o(.text.HAL_GetTickPrio), (12 bytes).
    Removing stm32g0xx_hal.o(.ARM.exidx.text.HAL_GetTickPrio), (8 bytes).
    Removing stm32g0xx_hal.o(.text.HAL_SetTickFreq), (88 bytes).
    Removing stm32g0xx_hal.o(.ARM.exidx.text.HAL_SetTickFreq), (8 bytes).
    Removing stm32g0xx_hal.o(.text.HAL_GetTickFreq), (12 bytes).
    Removing stm32g0xx_hal.o(.ARM.exidx.text.HAL_GetTickFreq), (8 bytes).
    Removing stm32g0xx_hal.o(.text.HAL_Delay), (68 bytes).
    Removing stm32g0xx_hal.o(.ARM.exidx.text.HAL_Delay), (8 bytes).
    Removing stm32g0xx_hal.o(.text.HAL_SuspendTick), (16 bytes).
    Removing stm32g0xx_hal.o(.ARM.exidx.text.HAL_SuspendTick), (8 bytes).
    Removing stm32g0xx_hal.o(.text.HAL_ResumeTick), (16 bytes).
    Removing stm32g0xx_hal.o(.ARM.exidx.text.HAL_ResumeTick), (8 bytes).
    Removing stm32g0xx_hal.o(.text.HAL_GetHalVersion), (8 bytes).
    Removing stm32g0xx_hal.o(.ARM.exidx.text.HAL_GetHalVersion), (8 bytes).
    Removing stm32g0xx_hal.o(.text.HAL_GetREVID), (12 bytes).
    Removing stm32g0xx_hal.o(.ARM.exidx.text.HAL_GetREVID), (8 bytes).
    Removing stm32g0xx_hal.o(.text.HAL_GetDEVID), (20 bytes).
    Removing stm32g0xx_hal.o(.ARM.exidx.text.HAL_GetDEVID), (8 bytes).
    Removing stm32g0xx_hal.o(.text.HAL_GetUIDw0), (12 bytes).
    Removing stm32g0xx_hal.o(.ARM.exidx.text.HAL_GetUIDw0), (8 bytes).
    Removing stm32g0xx_hal.o(.text.HAL_GetUIDw1), (12 bytes).
    Removing stm32g0xx_hal.o(.ARM.exidx.text.HAL_GetUIDw1), (8 bytes).
    Removing stm32g0xx_hal.o(.text.HAL_GetUIDw2), (12 bytes).
    Removing stm32g0xx_hal.o(.ARM.exidx.text.HAL_GetUIDw2), (8 bytes).
    Removing stm32g0xx_hal.o(.text.HAL_DBGMCU_EnableDBGStopMode), (16 bytes).
    Removing stm32g0xx_hal.o(.ARM.exidx.text.HAL_DBGMCU_EnableDBGStopMode), (8 bytes).
    Removing stm32g0xx_hal.o(.text.HAL_DBGMCU_DisableDBGStopMode), (16 bytes).
    Removing stm32g0xx_hal.o(.ARM.exidx.text.HAL_DBGMCU_DisableDBGStopMode), (8 bytes).
    Removing stm32g0xx_hal.o(.text.HAL_DBGMCU_EnableDBGStandbyMode), (16 bytes).
    Removing stm32g0xx_hal.o(.ARM.exidx.text.HAL_DBGMCU_EnableDBGStandbyMode), (8 bytes).
    Removing stm32g0xx_hal.o(.text.HAL_DBGMCU_DisableDBGStandbyMode), (16 bytes).
    Removing stm32g0xx_hal.o(.ARM.exidx.text.HAL_DBGMCU_DisableDBGStandbyMode), (8 bytes).
    Removing stm32g0xx_hal.o(.text.HAL_SYSCFG_EnableIOAnalogSwitchBooster), (20 bytes).
    Removing stm32g0xx_hal.o(.ARM.exidx.text.HAL_SYSCFG_EnableIOAnalogSwitchBooster), (8 bytes).
    Removing stm32g0xx_hal.o(.text.HAL_SYSCFG_DisableIOAnalogSwitchBooster), (20 bytes).
    Removing stm32g0xx_hal.o(.ARM.exidx.text.HAL_SYSCFG_DisableIOAnalogSwitchBooster), (8 bytes).
    Removing stm32g0xx_hal.o(.text.HAL_SYSCFG_EnableRemap), (24 bytes).
    Removing stm32g0xx_hal.o(.ARM.exidx.text.HAL_SYSCFG_EnableRemap), (8 bytes).
    Removing stm32g0xx_hal.o(.text.HAL_SYSCFG_DisableRemap), (24 bytes).
    Removing stm32g0xx_hal.o(.ARM.exidx.text.HAL_SYSCFG_DisableRemap), (8 bytes).
    Removing stm32g0xx_hal.o(.text.HAL_SYSCFG_StrobeDBattpinsConfig), (28 bytes).
    Removing stm32g0xx_hal.o(.ARM.exidx.text.HAL_SYSCFG_StrobeDBattpinsConfig), (8 bytes).
    Removing stm32g0xx_hal.o(.data.uwTickPrio), (4 bytes).
    Removing stm32g0xx_hal.o(.data.uwTickFreq), (1 bytes).
    Removing stm32g0xx_hal_exti.o(.text), (0 bytes).
    Removing stm32g0xx_hal_exti.o(.text.HAL_EXTI_SetConfigLine), (408 bytes).
    Removing stm32g0xx_hal_exti.o(.ARM.exidx.text.HAL_EXTI_SetConfigLine), (8 bytes).
    Removing stm32g0xx_hal_exti.o(.text.HAL_EXTI_GetConfigLine), (328 bytes).
    Removing stm32g0xx_hal_exti.o(.ARM.exidx.text.HAL_EXTI_GetConfigLine), (8 bytes).
    Removing stm32g0xx_hal_exti.o(.text.HAL_EXTI_ClearConfigLine), (260 bytes).
    Removing stm32g0xx_hal_exti.o(.ARM.exidx.text.HAL_EXTI_ClearConfigLine), (8 bytes).
    Removing stm32g0xx_hal_exti.o(.text.HAL_EXTI_RegisterCallback), (88 bytes).
    Removing stm32g0xx_hal_exti.o(.ARM.exidx.text.HAL_EXTI_RegisterCallback), (8 bytes).
    Removing stm32g0xx_hal_exti.o(.text.HAL_EXTI_GetHandle), (44 bytes).
    Removing stm32g0xx_hal_exti.o(.ARM.exidx.text.HAL_EXTI_GetHandle), (8 bytes).
    Removing stm32g0xx_hal_exti.o(.text.HAL_EXTI_IRQHandler), (152 bytes).
    Removing stm32g0xx_hal_exti.o(.ARM.exidx.text.HAL_EXTI_IRQHandler), (8 bytes).
    Removing stm32g0xx_hal_exti.o(.text.HAL_EXTI_GetPending), (96 bytes).
    Removing stm32g0xx_hal_exti.o(.ARM.exidx.text.HAL_EXTI_GetPending), (8 bytes).
    Removing stm32g0xx_hal_exti.o(.text.HAL_EXTI_ClearPending), (84 bytes).
    Removing stm32g0xx_hal_exti.o(.ARM.exidx.text.HAL_EXTI_ClearPending), (8 bytes).
    Removing stm32g0xx_hal_exti.o(.text.HAL_EXTI_GenerateSWI), (56 bytes).
    Removing stm32g0xx_hal_exti.o(.ARM.exidx.text.HAL_EXTI_GenerateSWI), (8 bytes).
    Removing system_stm32g0xx.o(.text), (0 bytes).
    Removing system_stm32g0xx.o(.ARM.exidx.text.SystemInit), (8 bytes).
    Removing system_stm32g0xx.o(.text.SystemCoreClockUpdate), (380 bytes).
    Removing system_stm32g0xx.o(.ARM.exidx.text.SystemCoreClockUpdate), (8 bytes).
    Removing system_stm32g0xx.o(.rodata.AHBPrescTable), (64 bytes).

560 unused section(s) (total 34991 bytes) removed from the image.

==============================================================================

Image Symbol Table

    Local Symbols

    Symbol Name                              Value     Ov Type        Size  Object(Section)

    ../clib/angel/boardlib.s                 0x00000000   Number         0  boardinit1.o ABSOLUTE
    ../clib/angel/boardlib.s                 0x00000000   Number         0  boardinit2.o ABSOLUTE
    ../clib/angel/boardlib.s                 0x00000000   Number         0  boardinit3.o ABSOLUTE
    ../clib/angel/boardlib.s                 0x00000000   Number         0  boardshut.o ABSOLUTE
    ../clib/angel/handlers.s                 0x00000000   Number         0  __scatter_copy.o ABSOLUTE
    ../clib/angel/handlers.s                 0x00000000   Number         0  __scatter_zi.o ABSOLUTE
    ../clib/angel/kernel.s                   0x00000000   Number         0  __rtentry.o ABSOLUTE
    ../clib/angel/kernel.s                   0x00000000   Number         0  __rtentry2.o ABSOLUTE
    ../clib/angel/kernel.s                   0x00000000   Number         0  __rtentry4.o ABSOLUTE
    ../clib/angel/kernel.s                   0x00000000   Number         0  rtexit.o ABSOLUTE
    ../clib/angel/kernel.s                   0x00000000   Number         0  rtexit2.o ABSOLUTE
    ../clib/angel/rt.s                       0x00000000   Number         0  aeabi_idiv0.o ABSOLUTE
    ../clib/angel/rt.s                       0x00000000   Number         0  aeabi_idiv0_sigfpe.o ABSOLUTE
    ../clib/angel/rt.s                       0x00000000   Number         0  rt_div0.o ABSOLUTE
    ../clib/angel/rt.s                       0x00000000   Number         0  rt_raise.o ABSOLUTE
    ../clib/angel/scatterp.s                 0x00000000   Number         0  __scatter.o ABSOLUTE
    ../clib/angel/startup.s                  0x00000000   Number         0  __main.o ABSOLUTE
    ../clib/angel/sys.s                      0x00000000   Number         0  sys_stackheap_outer.o ABSOLUTE
    ../clib/angel/sys.s                      0x00000000   Number         0  libspace.o ABSOLUTE
    ../clib/angel/sys.s                      0x00000000   Number         0  tempstk.o ABSOLUTE
    ../clib/angel/sys.s                      0x00000000   Number         0  use_no_semi.o ABSOLUTE
    ../clib/angel/sys.s                      0x00000000   Number         0  indicate_semi.o ABSOLUTE
    ../clib/angel/sysapp.c                   0x00000000   Number         0  sys_exit.o ABSOLUTE
    ../clib/angel/sysapp.c                   0x00000000   Number         0  sys_exit_hlt.o ABSOLUTE
    ../clib/angel/sysapp.c                   0x00000000   Number         0  sys_wrch.o ABSOLUTE
    ../clib/angel/sysapp.c                   0x00000000   Number         0  sys_wrch_hlt.o ABSOLUTE
    ../clib/angel/sysapp.c                   0x00000000   Number         0  sys_command.o ABSOLUTE
    ../clib/angel/sysapp.c                   0x00000000   Number         0  sys_command_hlt.o ABSOLUTE
    ../clib/armsys.c                         0x00000000   Number         0  argv_veneer.o ABSOLUTE
    ../clib/armsys.c                         0x00000000   Number         0  _get_argv_nomalloc.o ABSOLUTE
    ../clib/armsys.c                         0x00000000   Number         0  no_argv.o ABSOLUTE
    ../clib/division.s                       0x00000000   Number         0  aeabi_sdiv.o ABSOLUTE
    ../clib/division.s                       0x00000000   Number         0  aeabi_sdiv_div0.o ABSOLUTE
    ../clib/heapalloc.c                      0x00000000   Number         0  hrguard.o ABSOLUTE
    ../clib/heapaux.c                        0x00000000   Number         0  heapauxi.o ABSOLUTE
    ../clib/libinit.s                        0x00000000   Number         0  libinit.o ABSOLUTE
    ../clib/libinit.s                        0x00000000   Number         0  libinit2.o ABSOLUTE
    ../clib/libinit.s                        0x00000000   Number         0  libshutdown.o ABSOLUTE
    ../clib/libinit.s                        0x00000000   Number         0  libshutdown2.o ABSOLUTE
    ../clib/memcpset.c                       0x00000000   Number         0  rt_memclr.o ABSOLUTE
    ../clib/signal.c                         0x00000000   Number         0  defsig_fpe_outer.o ABSOLUTE
    ../clib/signal.c                         0x00000000   Number         0  defsig_fpe_formal.o ABSOLUTE
    ../clib/signal.c                         0x00000000   Number         0  defsig_exit.o ABSOLUTE
    ../clib/signal.c                         0x00000000   Number         0  defsig_fpe_inner.o ABSOLUTE
    ../clib/signal.c                         0x00000000   Number         0  __raise.o ABSOLUTE
    ../clib/signal.c                         0x00000000   Number         0  defsig_general.o ABSOLUTE
    ../clib/signal.c                         0x00000000   Number         0  defsig_abrt_inner.o ABSOLUTE
    ../clib/signal.c                         0x00000000   Number         0  defsig_rtred_inner.o ABSOLUTE
    ../clib/signal.c                         0x00000000   Number         0  defsig_rtmem_inner.o ABSOLUTE
    ../clib/signal.c                         0x00000000   Number         0  defsig_rtmem_outer.o ABSOLUTE
    ../clib/signal.c                         0x00000000   Number         0  defsig_rtmem_formal.o ABSOLUTE
    ../clib/signal.c                         0x00000000   Number         0  defsig_stak_inner.o ABSOLUTE
    ../clib/signal.c                         0x00000000   Number         0  defsig_pvfn_inner.o ABSOLUTE
    ../clib/signal.c                         0x00000000   Number         0  defsig_cppl_inner.o ABSOLUTE
    ../clib/signal.c                         0x00000000   Number         0  defsig_segv_inner.o ABSOLUTE
    ../clib/signal.c                         0x00000000   Number         0  defsig_other.o ABSOLUTE
    ../clib/signal.s                         0x00000000   Number         0  defsig.o ABSOLUTE
    ../clib/stdlib.c                         0x00000000   Number         0  exit.o ABSOLUTE
    ../fplib/cfplib/fdiv.c                   0x00000000   Number         0  fdiv.o ABSOLUTE
    ../fplib/cfplib/ffix.c                   0x00000000   Number         0  ffixi.o ABSOLUTE
    ../fplib/cfplib/fflt.c                   0x00000000   Number         0  fflti.o ABSOLUTE
    ../fplib/cfplib/fpinit.c                 0x00000000   Number         0  fpinit.o ABSOLUTE
    ../fplib/fmul6m.s                        0x00000000   Number         0  fmul.o ABSOLUTE
    ../fplib/usenofp.s                       0x00000000   Number         0  usenofp.o ABSOLUTE
    adc.c                                    0x00000000   Number         0  adc.o ABSOLUTE
    dc.s                                     0x00000000   Number         0  dc.o ABSOLUTE
    gpio.c                                   0x00000000   Number         0  gpio.o ABSOLUTE
    hc595.c                                  0x00000000   Number         0  hc595.o ABSOLUTE
    main.c                                   0x00000000   Number         0  main.o ABSOLUTE
    seven-segment.c                          0x00000000   Number         0  seven-segment.o ABSOLUTE
    startup_stm32g070xx.s                    0x00000000   Number         0  startup_stm32g070xx.o ABSOLUTE
    stm32g0xx_hal.c                          0x00000000   Number         0  stm32g0xx_hal.o ABSOLUTE
    stm32g0xx_hal_cortex.c                   0x00000000   Number         0  stm32g0xx_hal_cortex.o ABSOLUTE
    stm32g0xx_hal_dma.c                      0x00000000   Number         0  stm32g0xx_hal_dma.o ABSOLUTE
    stm32g0xx_hal_dma_ex.c                   0x00000000   Number         0  stm32g0xx_hal_dma_ex.o ABSOLUTE
    stm32g0xx_hal_exti.c                     0x00000000   Number         0  stm32g0xx_hal_exti.o ABSOLUTE
    stm32g0xx_hal_flash.c                    0x00000000   Number         0  stm32g0xx_hal_flash.o ABSOLUTE
    stm32g0xx_hal_flash_ex.c                 0x00000000   Number         0  stm32g0xx_hal_flash_ex.o ABSOLUTE
    stm32g0xx_hal_gpio.c                     0x00000000   Number         0  stm32g0xx_hal_gpio.o ABSOLUTE
    stm32g0xx_hal_msp.c                      0x00000000   Number         0  stm32g0xx_hal_msp.o ABSOLUTE
    stm32g0xx_hal_pwr.c                      0x00000000   Number         0  stm32g0xx_hal_pwr.o ABSOLUTE
    stm32g0xx_hal_pwr_ex.c                   0x00000000   Number         0  stm32g0xx_hal_pwr_ex.o ABSOLUTE
    stm32g0xx_hal_rcc.c                      0x00000000   Number         0  stm32g0xx_hal_rcc.o ABSOLUTE
    stm32g0xx_hal_rcc_ex.c                   0x00000000   Number         0  stm32g0xx_hal_rcc_ex.o ABSOLUTE
    stm32g0xx_hal_uart.c                     0x00000000   Number         0  stm32g0xx_hal_uart.o ABSOLUTE
    stm32g0xx_hal_uart_ex.c                  0x00000000   Number         0  stm32g0xx_hal_uart_ex.o ABSOLUTE
    stm32g0xx_it.c                           0x00000000   Number         0  stm32g0xx_it.o ABSOLUTE
    stm32g0xx_ll_rcc.c                       0x00000000   Number         0  stm32g0xx_ll_rcc.o ABSOLUTE
    system_stm32g0xx.c                       0x00000000   Number         0  system_stm32g0xx.o ABSOLUTE
    RESET                                    0x08000000   Section      184  startup_stm32g070xx.o(RESET)
    !!!main                                  0x080000b8   Section        8  __main.o(!!!main)
    !!!scatter                               0x080000c0   Section       84  __scatter.o(!!!scatter)
    !!handler_copy                           0x08000114   Section       26  __scatter_copy.o(!!handler_copy)
    !!handler_null                           0x08000130   Section        2  __scatter.o(!!handler_null)
    !!handler_zi                             0x08000134   Section       28  __scatter_zi.o(!!handler_zi)
    .ARM.Collect$$libinit$$00000000          0x08000150   Section        2  libinit.o(.ARM.Collect$$libinit$$00000000)
    .ARM.Collect$$libinit$$00000002          0x08000152   Section        0  libinit2.o(.ARM.Collect$$libinit$$00000002)
    .ARM.Collect$$libinit$$00000004          0x08000152   Section        0  libinit2.o(.ARM.Collect$$libinit$$00000004)
    .ARM.Collect$$libinit$$00000006          0x08000152   Section        0  libinit2.o(.ARM.Collect$$libinit$$00000006)
    .ARM.Collect$$libinit$$0000000C          0x08000152   Section        0  libinit2.o(.ARM.Collect$$libinit$$0000000C)
    .ARM.Collect$$libinit$$0000000E          0x08000152   Section        0  libinit2.o(.ARM.Collect$$libinit$$0000000E)
    .ARM.Collect$$libinit$$00000010          0x08000152   Section        0  libinit2.o(.ARM.Collect$$libinit$$00000010)
    .ARM.Collect$$libinit$$00000013          0x08000152   Section        0  libinit2.o(.ARM.Collect$$libinit$$00000013)
    .ARM.Collect$$libinit$$00000015          0x08000152   Section        0  libinit2.o(.ARM.Collect$$libinit$$00000015)
    .ARM.Collect$$libinit$$00000017          0x08000152   Section        0  libinit2.o(.ARM.Collect$$libinit$$00000017)
    .ARM.Collect$$libinit$$00000019          0x08000152   Section        0  libinit2.o(.ARM.Collect$$libinit$$00000019)
    .ARM.Collect$$libinit$$0000001B          0x08000152   Section        0  libinit2.o(.ARM.Collect$$libinit$$0000001B)
    .ARM.Collect$$libinit$$0000001D          0x08000152   Section        0  libinit2.o(.ARM.Collect$$libinit$$0000001D)
    .ARM.Collect$$libinit$$0000001F          0x08000152   Section        0  libinit2.o(.ARM.Collect$$libinit$$0000001F)
    .ARM.Collect$$libinit$$00000021          0x08000152   Section        0  libinit2.o(.ARM.Collect$$libinit$$00000021)
    .ARM.Collect$$libinit$$00000023          0x08000152   Section        0  libinit2.o(.ARM.Collect$$libinit$$00000023)
    .ARM.Collect$$libinit$$00000025          0x08000152   Section        0  libinit2.o(.ARM.Collect$$libinit$$00000025)
    .ARM.Collect$$libinit$$00000027          0x08000152   Section        0  libinit2.o(.ARM.Collect$$libinit$$00000027)
    .ARM.Collect$$libinit$$0000002E          0x08000152   Section        0  libinit2.o(.ARM.Collect$$libinit$$0000002E)
    .ARM.Collect$$libinit$$00000030          0x08000152   Section        0  libinit2.o(.ARM.Collect$$libinit$$00000030)
    .ARM.Collect$$libinit$$00000032          0x08000152   Section        0  libinit2.o(.ARM.Collect$$libinit$$00000032)
    .ARM.Collect$$libinit$$00000034          0x08000152   Section        0  libinit2.o(.ARM.Collect$$libinit$$00000034)
    .ARM.Collect$$libinit$$00000035          0x08000152   Section        2  libinit2.o(.ARM.Collect$$libinit$$00000035)
    .ARM.Collect$$libshutdown$$00000000      0x08000154   Section        2  libshutdown.o(.ARM.Collect$$libshutdown$$00000000)
    .ARM.Collect$$libshutdown$$00000002      0x08000156   Section        0  libshutdown2.o(.ARM.Collect$$libshutdown$$00000002)
    .ARM.Collect$$libshutdown$$00000004      0x08000156   Section        0  libshutdown2.o(.ARM.Collect$$libshutdown$$00000004)
    .ARM.Collect$$libshutdown$$00000007      0x08000156   Section        0  libshutdown2.o(.ARM.Collect$$libshutdown$$00000007)
    .ARM.Collect$$libshutdown$$0000000A      0x08000156   Section        0  libshutdown2.o(.ARM.Collect$$libshutdown$$0000000A)
    .ARM.Collect$$libshutdown$$0000000C      0x08000156   Section        0  libshutdown2.o(.ARM.Collect$$libshutdown$$0000000C)
    .ARM.Collect$$libshutdown$$0000000F      0x08000156   Section        0  libshutdown2.o(.ARM.Collect$$libshutdown$$0000000F)
    .ARM.Collect$$libshutdown$$00000010      0x08000156   Section        2  libshutdown2.o(.ARM.Collect$$libshutdown$$00000010)
    .ARM.Collect$$rtentry$$00000000          0x08000158   Section        0  __rtentry.o(.ARM.Collect$$rtentry$$00000000)
    .ARM.Collect$$rtentry$$00000002          0x08000158   Section        0  __rtentry2.o(.ARM.Collect$$rtentry$$00000002)
    .ARM.Collect$$rtentry$$00000004          0x08000158   Section        6  __rtentry4.o(.ARM.Collect$$rtentry$$00000004)
    .ARM.Collect$$rtentry$$00000009          0x0800015e   Section        0  __rtentry2.o(.ARM.Collect$$rtentry$$00000009)
    .ARM.Collect$$rtentry$$0000000A          0x0800015e   Section        4  __rtentry2.o(.ARM.Collect$$rtentry$$0000000A)
    .ARM.Collect$$rtentry$$0000000C          0x08000162   Section        0  __rtentry2.o(.ARM.Collect$$rtentry$$0000000C)
    .ARM.Collect$$rtentry$$0000000D          0x08000162   Section        8  __rtentry2.o(.ARM.Collect$$rtentry$$0000000D)
    .ARM.Collect$$rtexit$$00000000           0x0800016a   Section        2  rtexit.o(.ARM.Collect$$rtexit$$00000000)
    .ARM.Collect$$rtexit$$00000002           0x0800016c   Section        0  rtexit2.o(.ARM.Collect$$rtexit$$00000002)
    .ARM.Collect$$rtexit$$00000003           0x0800016c   Section        4  rtexit2.o(.ARM.Collect$$rtexit$$00000003)
    .ARM.Collect$$rtexit$$00000004           0x08000170   Section        6  rtexit2.o(.ARM.Collect$$rtexit$$00000004)
    .text                                    0x08000178   Section       56  startup_stm32g070xx.o(.text)
    .text                                    0x080001b0   Section      364  aeabi_sdiv.o(.text)
    .text                                    0x0800031c   Section        0  heapauxi.o(.text)
    .text                                    0x08000324   Section        0  fdiv.o(.text)
    .text                                    0x08000484   Section        0  ffixi.o(.text)
    .text                                    0x080004d0   Section        0  fflti.o(.text)
    .text                                    0x0800052e   Section       62  sys_stackheap_outer.o(.text)
    .text                                    0x0800056c   Section        0  exit.o(.text)
    .text                                    0x0800057c   Section        8  libspace.o(.text)
    .text                                    0x08000584   Section        0  sys_exit.o(.text)
    .text                                    0x08000590   Section        2  use_no_semi.o(.text)
    [Anonymous Symbol]                       0x08000592   Section        0  main.o(.text.Error_Handler)
    .text                                    0x08000592   Section        0  indicate_semi.o(.text)
    [Anonymous Symbol]                       0x080005a0   Section        0  stm32g0xx_hal_gpio.o(.text.HAL_GPIO_Init)
    __arm_cp.0_0                             0x08000850   Number         4  stm32g0xx_hal_gpio.o(.text.HAL_GPIO_Init)
    __arm_cp.0_1                             0x08000854   Number         4  stm32g0xx_hal_gpio.o(.text.HAL_GPIO_Init)
    __arm_cp.0_2                             0x08000858   Number         4  stm32g0xx_hal_gpio.o(.text.HAL_GPIO_Init)
    __arm_cp.0_3                             0x0800085c   Number         4  stm32g0xx_hal_gpio.o(.text.HAL_GPIO_Init)
    __arm_cp.0_4                             0x08000860   Number         4  stm32g0xx_hal_gpio.o(.text.HAL_GPIO_Init)
    __arm_cp.0_5                             0x08000864   Number         4  stm32g0xx_hal_gpio.o(.text.HAL_GPIO_Init)
    __arm_cp.0_6                             0x08000868   Number         4  stm32g0xx_hal_gpio.o(.text.HAL_GPIO_Init)
    __arm_cp.0_7                             0x0800086c   Number         4  stm32g0xx_hal_gpio.o(.text.HAL_GPIO_Init)
    [Anonymous Symbol]                       0x08000870   Section        0  stm32g0xx_hal.o(.text.HAL_GetTick)
    __arm_cp.6_0                             0x08000878   Number         4  stm32g0xx_hal.o(.text.HAL_GetTick)
    [Anonymous Symbol]                       0x0800087c   Section        0  stm32g0xx_hal_rcc_ex.o(.text.HAL_RCCEx_PeriphCLKConfig)
    __arm_cp.0_0                             0x08000ab0   Number         4  stm32g0xx_hal_rcc_ex.o(.text.HAL_RCCEx_PeriphCLKConfig)
    __arm_cp.0_1                             0x08000ab4   Number         4  stm32g0xx_hal_rcc_ex.o(.text.HAL_RCCEx_PeriphCLKConfig)
    __arm_cp.0_2                             0x08000ab8   Number         4  stm32g0xx_hal_rcc_ex.o(.text.HAL_RCCEx_PeriphCLKConfig)
    __arm_cp.0_3                             0x08000abc   Number         4  stm32g0xx_hal_rcc_ex.o(.text.HAL_RCCEx_PeriphCLKConfig)
    __arm_cp.0_4                             0x08000ac0   Number         4  stm32g0xx_hal_rcc_ex.o(.text.HAL_RCCEx_PeriphCLKConfig)
    [Anonymous Symbol]                       0x08000ac4   Section        0  stm32g0xx_hal_rcc.o(.text.HAL_RCC_GetHCLKFreq)
    __arm_cp.5_0                             0x08000acc   Number         4  stm32g0xx_hal_rcc.o(.text.HAL_RCC_GetHCLKFreq)
    [Anonymous Symbol]                       0x08000ad0   Section        0  stm32g0xx_hal_rcc.o(.text.HAL_RCC_GetPCLK1Freq)
    __arm_cp.6_0                             0x08000af4   Number         4  stm32g0xx_hal_rcc.o(.text.HAL_RCC_GetPCLK1Freq)
    [Anonymous Symbol]                       0x08000af8   Section        0  stm32g0xx_hal_rcc.o(.text.HAL_RCC_GetSysClockFreq)
    __arm_cp.3_0                             0x08000c04   Number         4  stm32g0xx_hal_rcc.o(.text.HAL_RCC_GetSysClockFreq)
    __arm_cp.3_1                             0x08000c08   Number         4  stm32g0xx_hal_rcc.o(.text.HAL_RCC_GetSysClockFreq)
    __arm_cp.3_2                             0x08000c0c   Number         4  stm32g0xx_hal_rcc.o(.text.HAL_RCC_GetSysClockFreq)
    __arm_cp.3_3                             0x08000c10   Number         4  stm32g0xx_hal_rcc.o(.text.HAL_RCC_GetSysClockFreq)
    __arm_cp.3_4                             0x08000c14   Number         4  stm32g0xx_hal_rcc.o(.text.HAL_RCC_GetSysClockFreq)
    [Anonymous Symbol]                       0x08000c18   Section        0  stm32g0xx_hal_uart_ex.o(.text.HAL_UARTEx_DisableFifoMode)
    [Anonymous Symbol]                       0x08000c92   Section        0  stm32g0xx_hal_uart_ex.o(.text.HAL_UARTEx_SetRxFifoThreshold)
    [Anonymous Symbol]                       0x08000d22   Section        0  stm32g0xx_hal_uart_ex.o(.text.HAL_UARTEx_SetTxFifoThreshold)
    [Anonymous Symbol]                       0x08000db2   Section        0  stm32g0xx_hal_uart.o(.text.HAL_UART_Init)
    [Anonymous Symbol]                       0x08000e68   Section        0  stm32g0xx_hal_msp.o(.text.HAL_UART_MspInit)
    __arm_cp.1_1                             0x08000f00   Number         4  stm32g0xx_hal_msp.o(.text.HAL_UART_MspInit)
    __arm_cp.1_2                             0x08000f04   Number         4  stm32g0xx_hal_msp.o(.text.HAL_UART_MspInit)
    [Anonymous Symbol]                       0x08000f08   Section        0  stm32g0xx_it.o(.text.HardFault_Handler)
    LL_RCC_GetAPB1Prescaler                  0x08000f0d   Thumb Code    12  stm32g0xx_hal_rcc.o(.text.LL_RCC_GetAPB1Prescaler)
    [Anonymous Symbol]                       0x08000f0c   Section        0  stm32g0xx_hal_rcc.o(.text.LL_RCC_GetAPB1Prescaler)
    __arm_cp.7_0                             0x08000f18   Number         4  stm32g0xx_hal_rcc.o(.text.LL_RCC_GetAPB1Prescaler)
    MX_USART2_UART_Init                      0x08000f1d   Thumb Code   124  main.o(.text.MX_USART2_UART_Init)
    [Anonymous Symbol]                       0x08000f1c   Section        0  main.o(.text.MX_USART2_UART_Init)
    __arm_cp.2_0                             0x08000f98   Number         4  main.o(.text.MX_USART2_UART_Init)
    __arm_cp.2_1                             0x08000f9c   Number         4  main.o(.text.MX_USART2_UART_Init)
    [Anonymous Symbol]                       0x08000fa0   Section        0  stm32g0xx_it.o(.text.NMI_Handler)
    [Anonymous Symbol]                       0x08000fa4   Section        0  stm32g0xx_it.o(.text.PendSV_Handler)
    [Anonymous Symbol]                       0x08000fa6   Section        0  stm32g0xx_it.o(.text.SVC_Handler)
    SysTick_Config                           0x08000fa9   Thumb Code    68  main.o(.text.SysTick_Config)
    [Anonymous Symbol]                       0x08000fa8   Section        0  main.o(.text.SysTick_Config)
    __arm_cp.1_0                             0x08000fec   Number         4  main.o(.text.SysTick_Config)
    __arm_cp.1_1                             0x08000ff0   Number         4  main.o(.text.SysTick_Config)
    __arm_cp.1_2                             0x08000ff4   Number         4  main.o(.text.SysTick_Config)
    [Anonymous Symbol]                       0x08000ff8   Section        0  main.o(.text.SysTick_Handler)
    __arm_cp.3_0                             0x08001004   Number         4  main.o(.text.SysTick_Handler)
    [Anonymous Symbol]                       0x08001008   Section        0  system_stm32g0xx.o(.text.SystemInit)
    UARTEx_SetNbDataToProcess                0x0800100d   Thumb Code   140  stm32g0xx_hal_uart_ex.o(.text.UARTEx_SetNbDataToProcess)
    [Anonymous Symbol]                       0x0800100c   Section        0  stm32g0xx_hal_uart_ex.o(.text.UARTEx_SetNbDataToProcess)
    __arm_cp.10_0                            0x08001098   Number         4  stm32g0xx_hal_uart_ex.o(.text.UARTEx_SetNbDataToProcess)
    __arm_cp.10_1                            0x0800109c   Number         4  stm32g0xx_hal_uart_ex.o(.text.UARTEx_SetNbDataToProcess)
    [Anonymous Symbol]                       0x080010a0   Section        0  stm32g0xx_hal_uart.o(.text.UART_AdvFeatureConfig)
    [Anonymous Symbol]                       0x080011fc   Section        0  stm32g0xx_hal_uart.o(.text.UART_CheckIdleState)
    __arm_cp.4_0                             0x08001358   Number         4  stm32g0xx_hal_uart.o(.text.UART_CheckIdleState)
    UART_EndRxTransfer                       0x0800135d   Thumb Code   180  stm32g0xx_hal_uart.o(.text.UART_EndRxTransfer)
    [Anonymous Symbol]                       0x0800135c   Section        0  stm32g0xx_hal_uart.o(.text.UART_EndRxTransfer)
    __arm_cp.30_0                            0x08001410   Number         4  stm32g0xx_hal_uart.o(.text.UART_EndRxTransfer)
    [Anonymous Symbol]                       0x08001414   Section        0  stm32g0xx_hal_uart.o(.text.UART_SetConfig)
    __arm_cp.3_0                             0x08001760   Number         4  stm32g0xx_hal_uart.o(.text.UART_SetConfig)
    __arm_cp.3_1                             0x08001764   Number         4  stm32g0xx_hal_uart.o(.text.UART_SetConfig)
    __arm_cp.3_2                             0x08001768   Number         4  stm32g0xx_hal_uart.o(.text.UART_SetConfig)
    __arm_cp.3_3                             0x0800176c   Number         4  stm32g0xx_hal_uart.o(.text.UART_SetConfig)
    __arm_cp.3_4                             0x08001770   Number         4  stm32g0xx_hal_uart.o(.text.UART_SetConfig)
    __arm_cp.3_5                             0x08001774   Number         4  stm32g0xx_hal_uart.o(.text.UART_SetConfig)
    __arm_cp.3_6                             0x08001778   Number         4  stm32g0xx_hal_uart.o(.text.UART_SetConfig)
    __arm_cp.3_7                             0x0800177c   Number         4  stm32g0xx_hal_uart.o(.text.UART_SetConfig)
    __arm_cp.3_8                             0x08001780   Number         4  stm32g0xx_hal_uart.o(.text.UART_SetConfig)
    [Anonymous Symbol]                       0x08001784   Section        0  stm32g0xx_hal_uart.o(.text.UART_WaitOnFlagUntilTimeout)
    __NVIC_SetPriority                       0x0800188d   Thumb Code   124  main.o(.text.__NVIC_SetPriority)
    [Anonymous Symbol]                       0x0800188c   Section        0  main.o(.text.__NVIC_SetPriority)
    __arm_cp.6_0                             0x08001908   Number         4  main.o(.text.__NVIC_SetPriority)
    __arm_cp.6_1                             0x0800190c   Number         4  main.o(.text.__NVIC_SetPriority)
    [Anonymous Symbol]                       0x08001910   Section        0  adc.o(.text.adc_init)
    __arm_cp.0_1                             0x080019f0   Number         4  adc.o(.text.adc_init)
    __arm_cp.0_2                             0x080019f4   Number         4  adc.o(.text.adc_init)
    __arm_cp.0_3                             0x080019f8   Number         4  adc.o(.text.adc_init)
    __arm_cp.0_4                             0x080019fc   Number         4  adc.o(.text.adc_init)
    __arm_cp.0_5                             0x08001a00   Number         4  adc.o(.text.adc_init)
    [Anonymous Symbol]                       0x08001a04   Section        0  adc.o(.text.adc_read)
    __arm_cp.1_0                             0x08001a1c   Number         4  adc.o(.text.adc_read)
    __arm_cp.1_1                             0x08001a20   Number         4  adc.o(.text.adc_read)
    [Anonymous Symbol]                       0x08001a24   Section        0  adc.o(.text.adc_volt)
    __arm_cp.2_0                             0x08001a4c   Number         4  adc.o(.text.adc_volt)
    __arm_cp.2_1                             0x08001a50   Number         4  adc.o(.text.adc_volt)
    [Anonymous Symbol]                       0x08001a54   Section        0  adc.o(.text.float_to_int)
    __arm_cp.3_0                             0x08001a78   Number         4  adc.o(.text.float_to_int)
    [Anonymous Symbol]                       0x08001a7c   Section        0  gpio.o(.text.gpio_init)
    __arm_cp.0_0                             0x08001ac4   Number         4  gpio.o(.text.gpio_init)
    __arm_cp.0_1                             0x08001ac8   Number         4  gpio.o(.text.gpio_init)
    __arm_cp.0_2                             0x08001acc   Number         4  gpio.o(.text.gpio_init)
    __arm_cp.0_3                             0x08001ad0   Number         4  gpio.o(.text.gpio_init)
    [Anonymous Symbol]                       0x08001ad4   Section        0  hc595.o(.text.hc595_process)
    __arm_cp.1_0                             0x08001b68   Number         4  hc595.o(.text.hc595_process)
    __arm_cp.1_2                             0x08001b6c   Number         4  hc595.o(.text.hc595_process)
    [Anonymous Symbol]                       0x08001b70   Section        0  hc595.o(.text.hc595_tx_data)
    __arm_cp.2_1                             0x08001bb0   Number         4  hc595.o(.text.hc595_tx_data)
    __arm_cp.2_2                             0x08001bb4   Number         4  hc595.o(.text.hc595_tx_data)
    [Anonymous Symbol]                       0x08001bb8   Section        0  main.o(.text.main)
    __arm_cp.0_0                             0x08001c00   Number         4  main.o(.text.main)
    [Anonymous Symbol]                       0x08001c04   Section        0  seven-segment.o(.text.seven_segment_display)
    [Anonymous Symbol]                       0x08001c5c   Section        0  seven-segment.o(.text.seven_segment_process)
    __arm_cp.1_0                             0x08001d6c   Number         4  seven-segment.o(.text.seven_segment_process)
    __arm_cp.1_1                             0x08001d70   Number         4  seven-segment.o(.text.seven_segment_process)
    __arm_cp.1_2                             0x08001d74   Number         4  seven-segment.o(.text.seven_segment_process)
    x$fpl$fmul                               0x08001d78   Section      176  fmul.o(x$fpl$fmul)
    fdiv_tab                                 0x08001e28   Data          64  fdiv.o(.constdata)
    .constdata                               0x08001e28   Section       64  fdiv.o(.constdata)
    x$fpl$usenofp                            0x08001e28   Section        0  usenofp.o(x$fpl$usenofp)
    UARTEx_SetNbDataToProcess.denominator    0x08001e88   Data           8  stm32g0xx_hal_uart_ex.o(.rodata.UARTEx_SetNbDataToProcess.denominator)
    [Anonymous Symbol]                       0x08001e88   Section        0  stm32g0xx_hal_uart_ex.o(.rodata.UARTEx_SetNbDataToProcess.denominator)
    UARTEx_SetNbDataToProcess.numerator      0x08001e90   Data           8  stm32g0xx_hal_uart_ex.o(.rodata.UARTEx_SetNbDataToProcess.numerator)
    [Anonymous Symbol]                       0x08001e90   Section        0  stm32g0xx_hal_uart_ex.o(.rodata.UARTEx_SetNbDataToProcess.numerator)
    .bss                                     0x20000008   Section       96  libspace.o(.bss)
    Heap_Mem                                 0x20000120   Data         512  startup_stm32g070xx.o(HEAP)
    HEAP                                     0x20000120   Section      512  startup_stm32g070xx.o(HEAP)
    Stack_Mem                                0x20000320   Data        1024  startup_stm32g070xx.o(STACK)
    STACK                                    0x20000320   Section     1024  startup_stm32g070xx.o(STACK)
    __initial_sp                             0x20000720   Data           0  startup_stm32g070xx.o(STACK)

    Global Symbols

    Symbol Name                              Value     Ov Type        Size  Object(Section)

    BuildAttributes$$THM_ISAv3M$S$PE$A:L22$X:L11$S22$IEEE1$IW$~IW$USESV6$~STKCKD$USESV7$~SHL$OSPACE$ROPI$EBA8$UX$STANDARDLIB$REQ8$PRES8$EABIv2 0x00000000   Number         0  anon$$obj.o ABSOLUTE
    __ARM_exceptions_init                     - Undefined Weak Reference
    __alloca_initialize                       - Undefined Weak Reference
    __arm_preinit_                            - Undefined Weak Reference
    __arm_relocate_pie_                       - Undefined Weak Reference
    __cpp_initialize__aeabi_                  - Undefined Weak Reference
    __cxa_finalize                            - Undefined Weak Reference
    __rt_locale                               - Undefined Weak Reference
    __sigvec_lookup                           - Undefined Weak Reference
    _atexit_init                              - Undefined Weak Reference
    _call_atexit_fns                          - Undefined Weak Reference
    _clock_init                               - Undefined Weak Reference
    _fp_trap_init                             - Undefined Weak Reference
    _fp_trap_shutdown                         - Undefined Weak Reference
    _get_lc_collate                           - Undefined Weak Reference
    _get_lc_ctype                             - Undefined Weak Reference
    _get_lc_monetary                          - Undefined Weak Reference
    _get_lc_numeric                           - Undefined Weak Reference
    _get_lc_time                              - Undefined Weak Reference
    _getenv_init                              - Undefined Weak Reference
    _handle_redirection                       - Undefined Weak Reference
    _init_alloc                               - Undefined Weak Reference
    _init_user_alloc                          - Undefined Weak Reference
    _initio                                   - Undefined Weak Reference
    _rand_init                                - Undefined Weak Reference
    _signal_finish                            - Undefined Weak Reference
    _signal_init                              - Undefined Weak Reference
    _terminate_alloc                          - Undefined Weak Reference
    _terminate_user_alloc                     - Undefined Weak Reference
    _terminateio                              - Undefined Weak Reference
    __Vectors_Size                           0x000000b8   Number         0  startup_stm32g070xx.o ABSOLUTE
    __Vectors                                0x08000000   Data           4  startup_stm32g070xx.o(RESET)
    __Vectors_End                            0x080000b8   Data           0  startup_stm32g070xx.o(RESET)
    __main                                   0x080000b9   Thumb Code     8  __main.o(!!!main)
    __scatterload                            0x080000c1   Thumb Code     0  __scatter.o(!!!scatter)
    __scatterload_rt2                        0x080000c1   Thumb Code    74  __scatter.o(!!!scatter)
    __scatterload_rt2_thumb_only             0x080000c1   Thumb Code     0  __scatter.o(!!!scatter)
    __scatterload_loop                       0x080000cb   Thumb Code     0  __scatter.o(!!!scatter)
    __scatterload_copy                       0x08000115   Thumb Code    26  __scatter_copy.o(!!handler_copy)
    __scatterload_null                       0x08000131   Thumb Code     2  __scatter.o(!!handler_null)
    __scatterload_zeroinit                   0x08000135   Thumb Code    28  __scatter_zi.o(!!handler_zi)
    __rt_lib_init                            0x08000151   Thumb Code     0  libinit.o(.ARM.Collect$$libinit$$00000000)
    __rt_lib_init_alloca_1                   0x08000153   Thumb Code     0  libinit2.o(.ARM.Collect$$libinit$$00000030)
    __rt_lib_init_argv_1                     0x08000153   Thumb Code     0  libinit2.o(.ARM.Collect$$libinit$$0000002E)
    __rt_lib_init_atexit_1                   0x08000153   Thumb Code     0  libinit2.o(.ARM.Collect$$libinit$$0000001D)
    __rt_lib_init_clock_1                    0x08000153   Thumb Code     0  libinit2.o(.ARM.Collect$$libinit$$00000023)
    __rt_lib_init_cpp_1                      0x08000153   Thumb Code     0  libinit2.o(.ARM.Collect$$libinit$$00000034)
    __rt_lib_init_exceptions_1               0x08000153   Thumb Code     0  libinit2.o(.ARM.Collect$$libinit$$00000032)
    __rt_lib_init_fp_1                       0x08000153   Thumb Code     0  libinit2.o(.ARM.Collect$$libinit$$00000002)
    __rt_lib_init_fp_trap_1                  0x08000153   Thumb Code     0  libinit2.o(.ARM.Collect$$libinit$$00000021)
    __rt_lib_init_getenv_1                   0x08000153   Thumb Code     0  libinit2.o(.ARM.Collect$$libinit$$00000025)
    __rt_lib_init_heap_1                     0x08000153   Thumb Code     0  libinit2.o(.ARM.Collect$$libinit$$0000000C)
    __rt_lib_init_lc_collate_1               0x08000153   Thumb Code     0  libinit2.o(.ARM.Collect$$libinit$$00000013)
    __rt_lib_init_lc_ctype_1                 0x08000153   Thumb Code     0  libinit2.o(.ARM.Collect$$libinit$$00000015)
    __rt_lib_init_lc_monetary_1              0x08000153   Thumb Code     0  libinit2.o(.ARM.Collect$$libinit$$00000017)
    __rt_lib_init_lc_numeric_1               0x08000153   Thumb Code     0  libinit2.o(.ARM.Collect$$libinit$$00000019)
    __rt_lib_init_lc_time_1                  0x08000153   Thumb Code     0  libinit2.o(.ARM.Collect$$libinit$$0000001B)
    __rt_lib_init_preinit_1                  0x08000153   Thumb Code     0  libinit2.o(.ARM.Collect$$libinit$$00000006)
    __rt_lib_init_rand_1                     0x08000153   Thumb Code     0  libinit2.o(.ARM.Collect$$libinit$$00000010)
    __rt_lib_init_relocate_pie_1             0x08000153   Thumb Code     0  libinit2.o(.ARM.Collect$$libinit$$00000004)
    __rt_lib_init_return                     0x08000153   Thumb Code     0  libinit2.o(.ARM.Collect$$libinit$$00000035)
    __rt_lib_init_signal_1                   0x08000153   Thumb Code     0  libinit2.o(.ARM.Collect$$libinit$$0000001F)
    __rt_lib_init_stdio_1                    0x08000153   Thumb Code     0  libinit2.o(.ARM.Collect$$libinit$$00000027)
    __rt_lib_init_user_alloc_1               0x08000153   Thumb Code     0  libinit2.o(.ARM.Collect$$libinit$$0000000E)
    __rt_lib_shutdown                        0x08000155   Thumb Code     0  libshutdown.o(.ARM.Collect$$libshutdown$$00000000)
    __rt_lib_shutdown_cpp_1                  0x08000157   Thumb Code     0  libshutdown2.o(.ARM.Collect$$libshutdown$$00000002)
    __rt_lib_shutdown_fp_trap_1              0x08000157   Thumb Code     0  libshutdown2.o(.ARM.Collect$$libshutdown$$00000007)
    __rt_lib_shutdown_heap_1                 0x08000157   Thumb Code     0  libshutdown2.o(.ARM.Collect$$libshutdown$$0000000F)
    __rt_lib_shutdown_return                 0x08000157   Thumb Code     0  libshutdown2.o(.ARM.Collect$$libshutdown$$00000010)
    __rt_lib_shutdown_signal_1               0x08000157   Thumb Code     0  libshutdown2.o(.ARM.Collect$$libshutdown$$0000000A)
    __rt_lib_shutdown_stdio_1                0x08000157   Thumb Code     0  libshutdown2.o(.ARM.Collect$$libshutdown$$00000004)
    __rt_lib_shutdown_user_alloc_1           0x08000157   Thumb Code     0  libshutdown2.o(.ARM.Collect$$libshutdown$$0000000C)
    __rt_entry                               0x08000159   Thumb Code     0  __rtentry.o(.ARM.Collect$$rtentry$$00000000)
    __rt_entry_presh_1                       0x08000159   Thumb Code     0  __rtentry2.o(.ARM.Collect$$rtentry$$00000002)
    __rt_entry_sh                            0x08000159   Thumb Code     0  __rtentry4.o(.ARM.Collect$$rtentry$$00000004)
    __rt_entry_li                            0x0800015f   Thumb Code     0  __rtentry2.o(.ARM.Collect$$rtentry$$0000000A)
    __rt_entry_postsh_1                      0x0800015f   Thumb Code     0  __rtentry2.o(.ARM.Collect$$rtentry$$00000009)
    __rt_entry_main                          0x08000163   Thumb Code     0  __rtentry2.o(.ARM.Collect$$rtentry$$0000000D)
    __rt_entry_postli_1                      0x08000163   Thumb Code     0  __rtentry2.o(.ARM.Collect$$rtentry$$0000000C)
    __rt_exit                                0x0800016b   Thumb Code     0  rtexit.o(.ARM.Collect$$rtexit$$00000000)
    __rt_exit_ls                             0x0800016d   Thumb Code     0  rtexit2.o(.ARM.Collect$$rtexit$$00000003)
    __rt_exit_prels_1                        0x0800016d   Thumb Code     0  rtexit2.o(.ARM.Collect$$rtexit$$00000002)
    __rt_exit_exit                           0x08000171   Thumb Code     0  rtexit2.o(.ARM.Collect$$rtexit$$00000004)
    Reset_Handler                            0x08000179   Thumb Code     8  startup_stm32g070xx.o(.text)
    ADC1_IRQHandler                          0x0800018b   Thumb Code     0  startup_stm32g070xx.o(.text)
    DMA1_Ch4_7_DMAMUX1_OVR_IRQHandler        0x0800018b   Thumb Code     0  startup_stm32g070xx.o(.text)
    DMA1_Channel1_IRQHandler                 0x0800018b   Thumb Code     0  startup_stm32g070xx.o(.text)
    DMA1_Channel2_3_IRQHandler               0x0800018b   Thumb Code     0  startup_stm32g070xx.o(.text)
    EXTI0_1_IRQHandler                       0x0800018b   Thumb Code     0  startup_stm32g070xx.o(.text)
    EXTI2_3_IRQHandler                       0x0800018b   Thumb Code     0  startup_stm32g070xx.o(.text)
    EXTI4_15_IRQHandler                      0x0800018b   Thumb Code     0  startup_stm32g070xx.o(.text)
    FLASH_IRQHandler                         0x0800018b   Thumb Code     0  startup_stm32g070xx.o(.text)
    I2C1_IRQHandler                          0x0800018b   Thumb Code     0  startup_stm32g070xx.o(.text)
    I2C2_IRQHandler                          0x0800018b   Thumb Code     0  startup_stm32g070xx.o(.text)
    RCC_IRQHandler                           0x0800018b   Thumb Code     0  startup_stm32g070xx.o(.text)
    RTC_TAMP_IRQHandler                      0x0800018b   Thumb Code     0  startup_stm32g070xx.o(.text)
    SPI1_IRQHandler                          0x0800018b   Thumb Code     0  startup_stm32g070xx.o(.text)
    SPI2_IRQHandler                          0x0800018b   Thumb Code     0  startup_stm32g070xx.o(.text)
    TIM14_IRQHandler                         0x0800018b   Thumb Code     0  startup_stm32g070xx.o(.text)
    TIM15_IRQHandler                         0x0800018b   Thumb Code     0  startup_stm32g070xx.o(.text)
    TIM16_IRQHandler                         0x0800018b   Thumb Code     0  startup_stm32g070xx.o(.text)
    TIM17_IRQHandler                         0x0800018b   Thumb Code     0  startup_stm32g070xx.o(.text)
    TIM1_BRK_UP_TRG_COM_IRQHandler           0x0800018b   Thumb Code     0  startup_stm32g070xx.o(.text)
    TIM1_CC_IRQHandler                       0x0800018b   Thumb Code     0  startup_stm32g070xx.o(.text)
    TIM3_IRQHandler                          0x0800018b   Thumb Code     0  startup_stm32g070xx.o(.text)
    TIM6_IRQHandler                          0x0800018b   Thumb Code     0  startup_stm32g070xx.o(.text)
    TIM7_IRQHandler                          0x0800018b   Thumb Code     0  startup_stm32g070xx.o(.text)
    USART1_IRQHandler                        0x0800018b   Thumb Code     0  startup_stm32g070xx.o(.text)
    USART2_IRQHandler                        0x0800018b   Thumb Code     0  startup_stm32g070xx.o(.text)
    USART3_4_IRQHandler                      0x0800018b   Thumb Code     0  startup_stm32g070xx.o(.text)
    WWDG_IRQHandler                          0x0800018b   Thumb Code     0  startup_stm32g070xx.o(.text)
    __user_initial_stackheap                 0x0800018d   Thumb Code     0  startup_stm32g070xx.o(.text)
    __aeabi_uidiv                            0x080001b1   Thumb Code     0  aeabi_sdiv.o(.text)
    __aeabi_uidivmod                         0x080001b1   Thumb Code    20  aeabi_sdiv.o(.text)
    __aeabi_idiv                             0x080001c5   Thumb Code     0  aeabi_sdiv.o(.text)
    __aeabi_idivmod                          0x080001c5   Thumb Code   338  aeabi_sdiv.o(.text)
    __use_two_region_memory                  0x0800031d   Thumb Code     2  heapauxi.o(.text)
    __rt_heap_escrow$2region                 0x0800031f   Thumb Code     2  heapauxi.o(.text)
    __rt_heap_expand$2region                 0x08000321   Thumb Code     2  heapauxi.o(.text)
    __aeabi_fdiv                             0x08000325   Thumb Code     0  fdiv.o(.text)
    __divsf3                                 0x08000325   Thumb Code     0  fdiv.o(.text)
    _fdiv                                    0x08000325   Thumb Code   334  fdiv.o(.text)
    _frdiv                                   0x08000473   Thumb Code     8  fdiv.o(.text)
    __aeabi_f2iz                             0x08000485   Thumb Code     0  ffixi.o(.text)
    _ffix                                    0x08000485   Thumb Code    76  ffixi.o(.text)
    __aeabi_i2f_normalise                    0x080004d1   Thumb Code    72  fflti.o(.text)
    __aeabi_i2f                              0x08000519   Thumb Code    16  fflti.o(.text)
    _fflt                                    0x08000519   Thumb Code     0  fflti.o(.text)
    __aeabi_ui2f                             0x08000529   Thumb Code     6  fflti.o(.text)
    _ffltu                                   0x08000529   Thumb Code     0  fflti.o(.text)
    __user_setup_stackheap                   0x0800052f   Thumb Code    62  sys_stackheap_outer.o(.text)
    exit                                     0x0800056d   Thumb Code    16  exit.o(.text)
    __user_libspace                          0x0800057d   Thumb Code     8  libspace.o(.text)
    __user_perproc_libspace                  0x0800057d   Thumb Code     0  libspace.o(.text)
    __user_perthread_libspace                0x0800057d   Thumb Code     0  libspace.o(.text)
    _sys_exit                                0x08000585   Thumb Code     8  sys_exit.o(.text)
    __I$use$semihosting                      0x08000591   Thumb Code     0  use_no_semi.o(.text)
    __use_no_semihosting_swi                 0x08000591   Thumb Code     2  use_no_semi.o(.text)
    Error_Handler                            0x08000593   Thumb Code    14  main.o(.text.Error_Handler)
    __semihosting_library_function           0x08000593   Thumb Code     0  indicate_semi.o(.text)
    HAL_GPIO_Init                            0x080005a1   Thumb Code   688  stm32g0xx_hal_gpio.o(.text.HAL_GPIO_Init)
    HAL_GetTick                              0x08000871   Thumb Code     8  stm32g0xx_hal.o(.text.HAL_GetTick)
    HAL_RCCEx_PeriphCLKConfig                0x0800087d   Thumb Code   564  stm32g0xx_hal_rcc_ex.o(.text.HAL_RCCEx_PeriphCLKConfig)
    HAL_RCC_GetHCLKFreq                      0x08000ac5   Thumb Code     8  stm32g0xx_hal_rcc.o(.text.HAL_RCC_GetHCLKFreq)
    HAL_RCC_GetPCLK1Freq                     0x08000ad1   Thumb Code    36  stm32g0xx_hal_rcc.o(.text.HAL_RCC_GetPCLK1Freq)
    HAL_RCC_GetSysClockFreq                  0x08000af9   Thumb Code   268  stm32g0xx_hal_rcc.o(.text.HAL_RCC_GetSysClockFreq)
    HAL_UARTEx_DisableFifoMode               0x08000c19   Thumb Code   122  stm32g0xx_hal_uart_ex.o(.text.HAL_UARTEx_DisableFifoMode)
    HAL_UARTEx_SetRxFifoThreshold            0x08000c93   Thumb Code   144  stm32g0xx_hal_uart_ex.o(.text.HAL_UARTEx_SetRxFifoThreshold)
    HAL_UARTEx_SetTxFifoThreshold            0x08000d23   Thumb Code   144  stm32g0xx_hal_uart_ex.o(.text.HAL_UARTEx_SetTxFifoThreshold)
    HAL_UART_Init                            0x08000db3   Thumb Code   180  stm32g0xx_hal_uart.o(.text.HAL_UART_Init)
    HAL_UART_MspInit                         0x08000e69   Thumb Code   152  stm32g0xx_hal_msp.o(.text.HAL_UART_MspInit)
    HardFault_Handler                        0x08000f09   Thumb Code     4  stm32g0xx_it.o(.text.HardFault_Handler)
    NMI_Handler                              0x08000fa1   Thumb Code     4  stm32g0xx_it.o(.text.NMI_Handler)
    PendSV_Handler                           0x08000fa5   Thumb Code     2  stm32g0xx_it.o(.text.PendSV_Handler)
    SVC_Handler                              0x08000fa7   Thumb Code     2  stm32g0xx_it.o(.text.SVC_Handler)
    SysTick_Handler                          0x08000ff9   Thumb Code    12  main.o(.text.SysTick_Handler)
    SystemInit                               0x08001009   Thumb Code     2  system_stm32g0xx.o(.text.SystemInit)
    UART_AdvFeatureConfig                    0x080010a1   Thumb Code   346  stm32g0xx_hal_uart.o(.text.UART_AdvFeatureConfig)
    UART_CheckIdleState                      0x080011fd   Thumb Code   348  stm32g0xx_hal_uart.o(.text.UART_CheckIdleState)
    UART_SetConfig                           0x08001415   Thumb Code   844  stm32g0xx_hal_uart.o(.text.UART_SetConfig)
    UART_WaitOnFlagUntilTimeout              0x08001785   Thumb Code   264  stm32g0xx_hal_uart.o(.text.UART_WaitOnFlagUntilTimeout)
    adc_init                                 0x08001911   Thumb Code   224  adc.o(.text.adc_init)
    adc_read                                 0x08001a05   Thumb Code    24  adc.o(.text.adc_read)
    adc_volt                                 0x08001a25   Thumb Code    40  adc.o(.text.adc_volt)
    float_to_int                             0x08001a55   Thumb Code    36  adc.o(.text.float_to_int)
    gpio_init                                0x08001a7d   Thumb Code    72  gpio.o(.text.gpio_init)
    hc595_process                            0x08001ad5   Thumb Code   148  hc595.o(.text.hc595_process)
    hc595_tx_data                            0x08001b71   Thumb Code    64  hc595.o(.text.hc595_tx_data)
    main                                     0x08001bb9   Thumb Code    72  main.o(.text.main)
    seven_segment_display                    0x08001c05   Thumb Code    88  seven-segment.o(.text.seven_segment_display)
    seven_segment_process                    0x08001c5d   Thumb Code   272  seven-segment.o(.text.seven_segment_process)
    __aeabi_fmul                             0x08001d79   Thumb Code     0  fmul.o(x$fpl$fmul)
    _fmul                                    0x08001d79   Thumb Code   172  fmul.o(x$fpl$fmul)
    __I$use$fp                               0x08001e28   Number         0  usenofp.o(x$fpl$usenofp)
    APBPrescTable                            0x08001e68   Data          32  system_stm32g0xx.o(.rodata.APBPrescTable)
    UARTPrescTable                           0x08001e98   Data          24  stm32g0xx_hal_uart.o(.rodata.UARTPrescTable)
    m_segment_char                           0x08001eb0   Data           4  seven-segment.o(.rodata.m_segment_char)
    Region$$Table$$Base                      0x08001eb4   Number         0  anon$$obj.o(Region$$Table)
    Region$$Table$$Limit                     0x08001ed4   Number         0  anon$$obj.o(Region$$Table)
    SystemCoreClock                          0x20000000   Data           4  system_stm32g0xx.o(.data.SystemCoreClock)
    __libspace_start                         0x20000008   Data          96  libspace.o(.bss)
    __temporary_stack_top$libspace           0x20000068   Data           0  libspace.o(.bss)
    huart2                                   0x20000068   Data         148  main.o(.bss.huart2)
    m_data                                   0x200000fc   Data           8  seven-segment.o(.bss.m_data)
    m_display_data                           0x20000104   Data           8  seven-segment.o(.bss.m_display_data)
    m_final_data                             0x2000010c   Data           8  hc595.o(.bss.m_final_data)
    systick_clock                            0x20000114   Data           2  main.o(.bss.systick_clock)
    uwTick                                   0x20000118   Data           4  stm32g0xx_hal.o(.bss.uwTick)



==============================================================================

Memory Map of the image

  Image Entry point : 0x080000b9

  Load Region LR_IROM1 (Base: 0x08000000, Size: 0x00001ee0, Max: 0x00020000, ABSOLUTE)

    Execution Region ER_IROM1 (Exec base: 0x08000000, Load base: 0x08000000, Size: 0x00001ed4, Max: 0x00020000, ABSOLUTE)

    Exec Addr    Load Addr    Size         Type   Attr      Idx    E Section Name        Object

    0x08000000   0x08000000   0x000000b8   Data   RO            3    RESET               startup_stm32g070xx.o
    0x080000b8   0x080000b8   0x00000008   Code   RO          761  * !!!main             c_p.l(__main.o)
    0x080000c0   0x080000c0   0x00000054   Code   RO          948    !!!scatter          c_p.l(__scatter.o)
    0x08000114   0x08000114   0x0000001a   Code   RO          952    !!handler_copy      c_p.l(__scatter_copy.o)
    0x0800012e   0x0800012e   0x00000002   PAD
    0x08000130   0x08000130   0x00000002   Code   RO          949    !!handler_null      c_p.l(__scatter.o)
    0x08000132   0x08000132   0x00000002   PAD
    0x08000134   0x08000134   0x0000001c   Code   RO          954    !!handler_zi        c_p.l(__scatter_zi.o)
    0x08000150   0x08000150   0x00000002   Code   RO          809    .ARM.Collect$$libinit$$00000000  c_p.l(libinit.o)
    0x08000152   0x08000152   0x00000000   Code   RO          823    .ARM.Collect$$libinit$$00000002  c_p.l(libinit2.o)
    0x08000152   0x08000152   0x00000000   Code   RO          825    .ARM.Collect$$libinit$$00000004  c_p.l(libinit2.o)
    0x08000152   0x08000152   0x00000000   Code   RO          827    .ARM.Collect$$libinit$$00000006  c_p.l(libinit2.o)
    0x08000152   0x08000152   0x00000000   Code   RO          830    .ARM.Collect$$libinit$$0000000C  c_p.l(libinit2.o)
    0x08000152   0x08000152   0x00000000   Code   RO          832    .ARM.Collect$$libinit$$0000000E  c_p.l(libinit2.o)
    0x08000152   0x08000152   0x00000000   Code   RO          834    .ARM.Collect$$libinit$$00000010  c_p.l(libinit2.o)
    0x08000152   0x08000152   0x00000000   Code   RO          837    .ARM.Collect$$libinit$$00000013  c_p.l(libinit2.o)
    0x08000152   0x08000152   0x00000000   Code   RO          839    .ARM.Collect$$libinit$$00000015  c_p.l(libinit2.o)
    0x08000152   0x08000152   0x00000000   Code   RO          841    .ARM.Collect$$libinit$$00000017  c_p.l(libinit2.o)
    0x08000152   0x08000152   0x00000000   Code   RO          843    .ARM.Collect$$libinit$$00000019  c_p.l(libinit2.o)
    0x08000152   0x08000152   0x00000000   Code   RO          845    .ARM.Collect$$libinit$$0000001B  c_p.l(libinit2.o)
    0x08000152   0x08000152   0x00000000   Code   RO          847    .ARM.Collect$$libinit$$0000001D  c_p.l(libinit2.o)
    0x08000152   0x08000152   0x00000000   Code   RO          849    .ARM.Collect$$libinit$$0000001F  c_p.l(libinit2.o)
    0x08000152   0x08000152   0x00000000   Code   RO          851    .ARM.Collect$$libinit$$00000021  c_p.l(libinit2.o)
    0x08000152   0x08000152   0x00000000   Code   RO          853    .ARM.Collect$$libinit$$00000023  c_p.l(libinit2.o)
    0x08000152   0x08000152   0x00000000   Code   RO          855    .ARM.Collect$$libinit$$00000025  c_p.l(libinit2.o)
    0x08000152   0x08000152   0x00000000   Code   RO          857    .ARM.Collect$$libinit$$00000027  c_p.l(libinit2.o)
    0x08000152   0x08000152   0x00000000   Code   RO          861    .ARM.Collect$$libinit$$0000002E  c_p.l(libinit2.o)
    0x08000152   0x08000152   0x00000000   Code   RO          863    .ARM.Collect$$libinit$$00000030  c_p.l(libinit2.o)
    0x08000152   0x08000152   0x00000000   Code   RO          865    .ARM.Collect$$libinit$$00000032  c_p.l(libinit2.o)
    0x08000152   0x08000152   0x00000000   Code   RO          867    .ARM.Collect$$libinit$$00000034  c_p.l(libinit2.o)
    0x08000152   0x08000152   0x00000002   Code   RO          868    .ARM.Collect$$libinit$$00000035  c_p.l(libinit2.o)
    0x08000154   0x08000154   0x00000002   Code   RO          903    .ARM.Collect$$libshutdown$$00000000  c_p.l(libshutdown.o)
    0x08000156   0x08000156   0x00000000   Code   RO          931    .ARM.Collect$$libshutdown$$00000002  c_p.l(libshutdown2.o)
    0x08000156   0x08000156   0x00000000   Code   RO          933    .ARM.Collect$$libshutdown$$00000004  c_p.l(libshutdown2.o)
    0x08000156   0x08000156   0x00000000   Code   RO          936    .ARM.Collect$$libshutdown$$00000007  c_p.l(libshutdown2.o)
    0x08000156   0x08000156   0x00000000   Code   RO          939    .ARM.Collect$$libshutdown$$0000000A  c_p.l(libshutdown2.o)
    0x08000156   0x08000156   0x00000000   Code   RO          941    .ARM.Collect$$libshutdown$$0000000C  c_p.l(libshutdown2.o)
    0x08000156   0x08000156   0x00000000   Code   RO          944    .ARM.Collect$$libshutdown$$0000000F  c_p.l(libshutdown2.o)
    0x08000156   0x08000156   0x00000002   Code   RO          945    .ARM.Collect$$libshutdown$$00000010  c_p.l(libshutdown2.o)
    0x08000158   0x08000158   0x00000000   Code   RO          772    .ARM.Collect$$rtentry$$00000000  c_p.l(__rtentry.o)
    0x08000158   0x08000158   0x00000000   Code   RO          779    .ARM.Collect$$rtentry$$00000002  c_p.l(__rtentry2.o)
    0x08000158   0x08000158   0x00000006   Code   RO          791    .ARM.Collect$$rtentry$$00000004  c_p.l(__rtentry4.o)
    0x0800015e   0x0800015e   0x00000000   Code   RO          781    .ARM.Collect$$rtentry$$00000009  c_p.l(__rtentry2.o)
    0x0800015e   0x0800015e   0x00000004   Code   RO          782    .ARM.Collect$$rtentry$$0000000A  c_p.l(__rtentry2.o)
    0x08000162   0x08000162   0x00000000   Code   RO          784    .ARM.Collect$$rtentry$$0000000C  c_p.l(__rtentry2.o)
    0x08000162   0x08000162   0x00000008   Code   RO          785    .ARM.Collect$$rtentry$$0000000D  c_p.l(__rtentry2.o)
    0x0800016a   0x0800016a   0x00000002   Code   RO          814    .ARM.Collect$$rtexit$$00000000  c_p.l(rtexit.o)
    0x0800016c   0x0800016c   0x00000000   Code   RO          874    .ARM.Collect$$rtexit$$00000002  c_p.l(rtexit2.o)
    0x0800016c   0x0800016c   0x00000004   Code   RO          875    .ARM.Collect$$rtexit$$00000003  c_p.l(rtexit2.o)
    0x08000170   0x08000170   0x00000006   Code   RO          876    .ARM.Collect$$rtexit$$00000004  c_p.l(rtexit2.o)
    0x08000176   0x08000176   0x00000002   PAD
    0x08000178   0x08000178   0x00000038   Code   RO            4    .text               startup_stm32g070xx.o
    0x080001b0   0x080001b0   0x0000016c   Code   RO          755    .text               c_p.l(aeabi_sdiv.o)
    0x0800031c   0x0800031c   0x00000006   Code   RO          759    .text               c_p.l(heapauxi.o)
    0x08000322   0x08000322   0x00000002   PAD
    0x08000324   0x08000324   0x00000160   Code   RO          763    .text               fz_ps.l(fdiv.o)
    0x08000484   0x08000484   0x0000004c   Code   RO          766    .text               fz_ps.l(ffixi.o)
    0x080004d0   0x080004d0   0x0000005e   Code   RO          768    .text               fz_ps.l(fflti.o)
    0x0800052e   0x0800052e   0x0000003e   Code   RO          795    .text               c_p.l(sys_stackheap_outer.o)
    0x0800056c   0x0800056c   0x00000010   Code   RO          798    .text               c_p.l(exit.o)
    0x0800057c   0x0800057c   0x00000008   Code   RO          810    .text               c_p.l(libspace.o)
    0x08000584   0x08000584   0x0000000c   Code   RO          869    .text               c_p.l(sys_exit.o)
    0x08000590   0x08000590   0x00000002   Code   RO          892    .text               c_p.l(use_no_semi.o)
    0x08000592   0x08000592   0x00000000   Code   RO          894    .text               c_p.l(indicate_semi.o)
    0x08000592   0x08000592   0x0000000e   Code   RO           74    .text.Error_Handler  main.o
    0x080005a0   0x080005a0   0x000002d0   Code   RO          439    .text.HAL_GPIO_Init  stm32g0xx_hal_gpio.o
    0x08000870   0x08000870   0x0000000c   Code   RO          659    .text.HAL_GetTick   stm32g0xx_hal.o
    0x0800087c   0x0800087c   0x00000248   Code   RO          350    .text.HAL_RCCEx_PeriphCLKConfig  stm32g0xx_hal_rcc_ex.o
    0x08000ac4   0x08000ac4   0x0000000c   Code   RO          319    .text.HAL_RCC_GetHCLKFreq  stm32g0xx_hal_rcc.o
    0x08000ad0   0x08000ad0   0x00000028   Code   RO          321    .text.HAL_RCC_GetPCLK1Freq  stm32g0xx_hal_rcc.o
    0x08000af8   0x08000af8   0x00000120   Code   RO          315    .text.HAL_RCC_GetSysClockFreq  stm32g0xx_hal_rcc.o
    0x08000c18   0x08000c18   0x0000007a   Code   RO          286    .text.HAL_UARTEx_DisableFifoMode  stm32g0xx_hal_uart_ex.o
    0x08000c92   0x08000c92   0x00000090   Code   RO          290    .text.HAL_UARTEx_SetRxFifoThreshold  stm32g0xx_hal_uart_ex.o
    0x08000d22   0x08000d22   0x00000090   Code   RO          288    .text.HAL_UARTEx_SetTxFifoThreshold  stm32g0xx_hal_uart_ex.o
    0x08000db2   0x08000db2   0x000000b4   Code   RO          116    .text.HAL_UART_Init  stm32g0xx_hal_uart.o
    0x08000e66   0x08000e66   0x00000002   PAD
    0x08000e68   0x08000e68   0x000000a0   Code   RO          105    .text.HAL_UART_MspInit  stm32g0xx_hal_msp.o
    0x08000f08   0x08000f08   0x00000004   Code   RO           90    .text.HardFault_Handler  stm32g0xx_it.o
    0x08000f0c   0x08000f0c   0x00000010   Code   RO          323    .text.LL_RCC_GetAPB1Prescaler  stm32g0xx_hal_rcc.o
    0x08000f1c   0x08000f1c   0x00000084   Code   RO           68    .text.MX_USART2_UART_Init  main.o
    0x08000fa0   0x08000fa0   0x00000004   Code   RO           88    .text.NMI_Handler   stm32g0xx_it.o
    0x08000fa4   0x08000fa4   0x00000002   Code   RO           94    .text.PendSV_Handler  stm32g0xx_it.o
    0x08000fa6   0x08000fa6   0x00000002   Code   RO           92    .text.SVC_Handler   stm32g0xx_it.o
    0x08000fa8   0x08000fa8   0x00000050   Code   RO           66    .text.SysTick_Config  main.o
    0x08000ff8   0x08000ff8   0x00000010   Code   RO           70    .text.SysTick_Handler  main.o
    0x08001008   0x08001008   0x00000002   Code   RO          738    .text.SystemInit    system_stm32g0xx.o
    0x0800100a   0x0800100a   0x00000002   PAD
    0x0800100c   0x0800100c   0x00000094   Code   RO          284    .text.UARTEx_SetNbDataToProcess  stm32g0xx_hal_uart_ex.o
    0x080010a0   0x080010a0   0x0000015a   Code   RO          120    .text.UART_AdvFeatureConfig  stm32g0xx_hal_uart.o
    0x080011fa   0x080011fa   0x00000002   PAD
    0x080011fc   0x080011fc   0x00000160   Code   RO          124    .text.UART_CheckIdleState  stm32g0xx_hal_uart.o
    0x0800135c   0x0800135c   0x000000b8   Code   RO          176    .text.UART_EndRxTransfer  stm32g0xx_hal_uart.o
    0x08001414   0x08001414   0x00000370   Code   RO          122    .text.UART_SetConfig  stm32g0xx_hal_uart.o
    0x08001784   0x08001784   0x00000108   Code   RO          138    .text.UART_WaitOnFlagUntilTimeout  stm32g0xx_hal_uart.o
    0x0800188c   0x0800188c   0x00000084   Code   RO           76    .text.__NVIC_SetPriority  main.o
    0x08001910   0x08001910   0x000000f4   Code   RO           49    .text.adc_init      adc.o
    0x08001a04   0x08001a04   0x00000020   Code   RO           51    .text.adc_read      adc.o
    0x08001a24   0x08001a24   0x00000030   Code   RO           53    .text.adc_volt      adc.o
    0x08001a54   0x08001a54   0x00000028   Code   RO           55    .text.float_to_int  adc.o
    0x08001a7c   0x08001a7c   0x00000058   Code   RO           41    .text.gpio_init     gpio.o
    0x08001ad4   0x08001ad4   0x0000009c   Code   RO           29    .text.hc595_process  hc595.o
    0x08001b70   0x08001b70   0x00000048   Code   RO           31    .text.hc595_tx_data  hc595.o
    0x08001bb8   0x08001bb8   0x0000004c   Code   RO           64    .text.main          main.o
    0x08001c04   0x08001c04   0x00000058   Code   RO           15    .text.seven_segment_display  seven-segment.o
    0x08001c5c   0x08001c5c   0x0000011c   Code   RO           13    .text.seven_segment_process  seven-segment.o
    0x08001d78   0x08001d78   0x000000b0   Code   RO          770    x$fpl$fmul          fz_ps.l(fmul.o)
    0x08001e28   0x08001e28   0x00000000   Code   RO          777    x$fpl$usenofp       fz_ps.l(usenofp.o)
    0x08001e28   0x08001e28   0x00000040   Data   RO          764    .constdata          fz_ps.l(fdiv.o)
    0x08001e68   0x08001e68   0x00000020   Data   RO          744    .rodata.APBPrescTable  system_stm32g0xx.o
    0x08001e88   0x08001e88   0x00000008   Data   RO          301    .rodata.UARTEx_SetNbDataToProcess.denominator  stm32g0xx_hal_uart_ex.o
    0x08001e90   0x08001e90   0x00000008   Data   RO          300    .rodata.UARTEx_SetNbDataToProcess.numerator  stm32g0xx_hal_uart_ex.o
    0x08001e98   0x08001e98   0x00000018   Data   RO          256    .rodata.UARTPrescTable  stm32g0xx_hal_uart.o
    0x08001eb0   0x08001eb0   0x00000004   Data   RO           19    .rodata.m_segment_char  seven-segment.o
    0x08001eb4   0x08001eb4   0x00000020   Data   RO          947    Region$$Table       anon$$obj.o


    Execution Region RW_IRAM1 (Exec base: 0x20000000, Load base: 0x08001ed8, Size: 0x00000720, Max: 0x00009000, ABSOLUTE)

    Exec Addr    Load Addr    Size         Type   Attr      Idx    E Section Name        Object

    0x20000000   0x08001ed8   0x00000004   Data   RW          742    .data.SystemCoreClock  system_stm32g0xx.o
    0x20000004   0x08001edc   0x00000004   PAD
    0x20000008        -       0x00000060   Zero   RW          811    .bss                c_p.l(libspace.o)
    0x20000068        -       0x00000094   Zero   RW           79    .bss.huart2         main.o
    0x200000fc        -       0x00000008   Zero   RW           18    .bss.m_data         seven-segment.o
    0x20000104        -       0x00000008   Zero   RW           17    .bss.m_display_data  seven-segment.o
    0x2000010c        -       0x00000008   Zero   RW           33    .bss.m_final_data   hc595.o
    0x20000114        -       0x00000002   Zero   RW           78    .bss.systick_clock  main.o
    0x20000116   0x08001edc   0x00000002   PAD
    0x20000118        -       0x00000004   Zero   RW          705    .bss.uwTick         stm32g0xx_hal.o
    0x2000011c   0x08001edc   0x00000004   PAD
    0x20000120        -       0x00000200   Zero   RW            2    HEAP                startup_stm32g070xx.o
    0x20000320        -       0x00000400   Zero   RW            1    STACK               startup_stm32g070xx.o


==============================================================================

Image component sizes


      Code (inc. data)   RO Data    RW Data    ZI Data      Debug   Object Name

       364         40          0          0          0       2598   adc.o
        88         16          0          0          0       1413   gpio.o
       228         16          0          0          8       1489   hc595.o
       450         36          0          0        150       7088   main.o
       372         48          4          0         16       1392   seven-segment.o
        56         26        184          0       1536        596   startup_stm32g070xx.o
        12          4          0          0          4       6437   stm32g0xx_hal.o
       720         32          0          0          0       4391   stm32g0xx_hal_gpio.o
       160          8          0          0          0       5681   stm32g0xx_hal_msp.o
       356         32          0          0          0       8918   stm32g0xx_hal_rcc.o
       584         20          0          0          0       5588   stm32g0xx_hal_rcc_ex.o
      2206        184         24          0          0      41194   stm32g0xx_hal_uart.o
       558          8         16          0          0       9794   stm32g0xx_hal_uart_ex.o
        12          0          0          0          0        593   stm32g0xx_it.o
         2          0         32          4          0       1876   system_stm32g0xx.o

    ----------------------------------------------------------------------
      6174        470        292          4       1724      99048   Object Totals
         0          0         32          0          0          0   (incl. Generated)
         6          0          0          0         10          0   (incl. Padding)

    ----------------------------------------------------------------------

      Code (inc. data)   RO Data    RW Data    ZI Data      Debug   Library Member Name

         8          0          0          0          0         68   __main.o
         0          0          0          0          0          0   __rtentry.o
        12          0          0          0          0          0   __rtentry2.o
         6          0          0          0          0          0   __rtentry4.o
        86         10          0          0          0          0   __scatter.o
        26          0          0          0          0          0   __scatter_copy.o
        28          0          0          0          0          0   __scatter_zi.o
       364          4          0          0          0         92   aeabi_sdiv.o
        16          0          0          0          0         68   exit.o
         6          0          0          0          0        136   heapauxi.o
         0          0          0          0          0          0   indicate_semi.o
         2          0          0          0          0          0   libinit.o
         2          0          0          0          0          0   libinit2.o
         2          0          0          0          0          0   libshutdown.o
         2          0          0          0          0          0   libshutdown2.o
         8          4          0          0         96         68   libspace.o
         2          0          0          0          0          0   rtexit.o
        10          0          0          0          0          0   rtexit2.o
        12          4          0          0          0         60   sys_exit.o
        62          0          0          0          0         80   sys_stackheap_outer.o
         2          0          0          0          0         68   use_no_semi.o
       352         10         64          0          0         92   fdiv.o
        76          0          0          0          0         68   ffixi.o
        94          0          0          0          0         92   fflti.o
       176          4          0          0          0         80   fmul.o
         0          0          0          0          0          0   usenofp.o

    ----------------------------------------------------------------------
      1362         36         64          0         96        972   Library Totals
         8          0          0          0          0          0   (incl. Padding)

    ----------------------------------------------------------------------

      Code (inc. data)   RO Data    RW Data    ZI Data      Debug   Library Name

       656         22          0          0         96        640   c_p.l
       698         14         64          0          0        332   fz_ps.l

    ----------------------------------------------------------------------
      1362         36         64          0         96        972   Library Totals

    ----------------------------------------------------------------------

==============================================================================


      Code (inc. data)   RO Data    RW Data    ZI Data      Debug   

      7536        506        356          4       1820      99500   Grand Totals
      7536        506        356          4       1820      99500   ELF Image Totals
      7536        506        356          4          0          0   ROM Totals

==============================================================================

    Total RO  Size (Code + RO Data)                 7892 (   7.71kB)
    Total RW  Size (RW Data + ZI Data)              1824 (   1.78kB)
    Total ROM Size (Code + RO Data + RW Data)       7896 (   7.71kB)

==============================================================================

